Archive member included to satisfy reference by file (symbol)

C:\Users\yassine jelassi\STM32CubeIDE\Shanon_H7\Extended-kalman-filter\lib\libarm_cortexM7lfsp_math.a(arm_mat_trans_f32.o)
                              ./Core/Src/Extended-KF.o (arm_mat_trans_f32)
C:\Users\yassine jelassi\STM32CubeIDE\Shanon_H7\Extended-kalman-filter\lib\libarm_cortexM7lfsp_math.a(arm_mat_sub_f32.o)
                              ./Core/Src/Extended-KF.o (arm_mat_sub_f32)
C:\Users\yassine jelassi\STM32CubeIDE\Shanon_H7\Extended-kalman-filter\lib\libarm_cortexM7lfsp_math.a(arm_mat_mult_f32.o)
                              ./Core/Src/Extended-KF.o (arm_mat_mult_f32)
C:\Users\yassine jelassi\STM32CubeIDE\Shanon_H7\Extended-kalman-filter\lib\libarm_cortexM7lfsp_math.a(arm_mat_inverse_f32.o)
                              ./Core/Src/Extended-KF.o (arm_mat_inverse_f32)
C:\Users\yassine jelassi\STM32CubeIDE\Shanon_H7\Extended-kalman-filter\lib\libarm_cortexM7lfsp_math.a(arm_mat_init_f32.o)
                              ./Core/Src/Extended-KF.o (arm_mat_init_f32)
C:\Users\yassine jelassi\STM32CubeIDE\Shanon_H7\Extended-kalman-filter\lib\libarm_cortexM7lfsp_math.a(arm_mat_add_f32.o)
                              ./Core/Src/Extended-KF.o (arm_mat_add_f32)
C:/ST/STM32CubeIDE_1.18.1/STM32CubeIDE/plugins/com.st.stm32cube.ide.mcu.externaltools.gnu-tools-for-stm32.13.3.rel1.win32_1.0.0.202411081344/tools/bin/../lib/gcc/arm-none-eabi/13.3.1/../../../../arm-none-eabi/lib/thumb/v7e-m+dp/hard\libc_nano.a(libc_a-exit.o)
                              C:/ST/STM32CubeIDE_1.18.1/STM32CubeIDE/plugins/com.st.stm32cube.ide.mcu.externaltools.gnu-tools-for-stm32.13.3.rel1.win32_1.0.0.202411081344/tools/bin/../lib/gcc/arm-none-eabi/13.3.1/../../../../arm-none-eabi/lib/thumb/v7e-m+dp/hard/crt0.o (exit)
C:/ST/STM32CubeIDE_1.18.1/STM32CubeIDE/plugins/com.st.stm32cube.ide.mcu.externaltools.gnu-tools-for-stm32.13.3.rel1.win32_1.0.0.202411081344/tools/bin/../lib/gcc/arm-none-eabi/13.3.1/../../../../arm-none-eabi/lib/thumb/v7e-m+dp/hard\libc_nano.a(libc_a-rand.o)
                              ./Core/Src/Pendulum.o (rand)
C:/ST/STM32CubeIDE_1.18.1/STM32CubeIDE/plugins/com.st.stm32cube.ide.mcu.externaltools.gnu-tools-for-stm32.13.3.rel1.win32_1.0.0.202411081344/tools/bin/../lib/gcc/arm-none-eabi/13.3.1/../../../../arm-none-eabi/lib/thumb/v7e-m+dp/hard\libc_nano.a(libc_a-findfp.o)
                              C:/ST/STM32CubeIDE_1.18.1/STM32CubeIDE/plugins/com.st.stm32cube.ide.mcu.externaltools.gnu-tools-for-stm32.13.3.rel1.win32_1.0.0.202411081344/tools/bin/../lib/gcc/arm-none-eabi/13.3.1/../../../../arm-none-eabi/lib/thumb/v7e-m+dp/hard\libc_nano.a(libc_a-exit.o) (__stdio_exit_handler)
C:/ST/STM32CubeIDE_1.18.1/STM32CubeIDE/plugins/com.st.stm32cube.ide.mcu.externaltools.gnu-tools-for-stm32.13.3.rel1.win32_1.0.0.202411081344/tools/bin/../lib/gcc/arm-none-eabi/13.3.1/../../../../arm-none-eabi/lib/thumb/v7e-m+dp/hard\libc_nano.a(libc_a-fwalk.o)
                              C:/ST/STM32CubeIDE_1.18.1/STM32CubeIDE/plugins/com.st.stm32cube.ide.mcu.externaltools.gnu-tools-for-stm32.13.3.rel1.win32_1.0.0.202411081344/tools/bin/../lib/gcc/arm-none-eabi/13.3.1/../../../../arm-none-eabi/lib/thumb/v7e-m+dp/hard\libc_nano.a(libc_a-findfp.o) (_fwalk_sglue)
C:/ST/STM32CubeIDE_1.18.1/STM32CubeIDE/plugins/com.st.stm32cube.ide.mcu.externaltools.gnu-tools-for-stm32.13.3.rel1.win32_1.0.0.202411081344/tools/bin/../lib/gcc/arm-none-eabi/13.3.1/../../../../arm-none-eabi/lib/thumb/v7e-m+dp/hard\libc_nano.a(libc_a-stdio.o)
                              C:/ST/STM32CubeIDE_1.18.1/STM32CubeIDE/plugins/com.st.stm32cube.ide.mcu.externaltools.gnu-tools-for-stm32.13.3.rel1.win32_1.0.0.202411081344/tools/bin/../lib/gcc/arm-none-eabi/13.3.1/../../../../arm-none-eabi/lib/thumb/v7e-m+dp/hard\libc_nano.a(libc_a-findfp.o) (__sread)
C:/ST/STM32CubeIDE_1.18.1/STM32CubeIDE/plugins/com.st.stm32cube.ide.mcu.externaltools.gnu-tools-for-stm32.13.3.rel1.win32_1.0.0.202411081344/tools/bin/../lib/gcc/arm-none-eabi/13.3.1/../../../../arm-none-eabi/lib/thumb/v7e-m+dp/hard\libc_nano.a(libc_a-memset.o)
                              C:/ST/STM32CubeIDE_1.18.1/STM32CubeIDE/plugins/com.st.stm32cube.ide.mcu.externaltools.gnu-tools-for-stm32.13.3.rel1.win32_1.0.0.202411081344/tools/bin/../lib/gcc/arm-none-eabi/13.3.1/../../../../arm-none-eabi/lib/thumb/v7e-m+dp/hard/crt0.o (memset)
C:/ST/STM32CubeIDE_1.18.1/STM32CubeIDE/plugins/com.st.stm32cube.ide.mcu.externaltools.gnu-tools-for-stm32.13.3.rel1.win32_1.0.0.202411081344/tools/bin/../lib/gcc/arm-none-eabi/13.3.1/../../../../arm-none-eabi/lib/thumb/v7e-m+dp/hard\libc_nano.a(libc_a-closer.o)
                              C:/ST/STM32CubeIDE_1.18.1/STM32CubeIDE/plugins/com.st.stm32cube.ide.mcu.externaltools.gnu-tools-for-stm32.13.3.rel1.win32_1.0.0.202411081344/tools/bin/../lib/gcc/arm-none-eabi/13.3.1/../../../../arm-none-eabi/lib/thumb/v7e-m+dp/hard\libc_nano.a(libc_a-stdio.o) (_close_r)
[...]
Memory Configuration

Name             Origin             Length             Attributes
ITCMRAM          0x00000000         0x00010000         xrw
DTCMRAM          0x20000000         0x00020000         xrw
FLASH            0x08000000         0x00100000         xr
RAM_D1           0x24000000         0x00050000         xrw
RAM_D2           0x30000000         0x00008000         xrw
RAM_D3           0x38000000         0x00004000         xrw
*default*        0x00000000         0xffffffff

Linker script and memory map

LOAD C:/ST/STM32CubeIDE_1.18.1/STM32CubeIDE/plugins/com.st.stm32cube.ide.mcu.externaltools.gnu-tools-for-stm32.13.3.rel1.win32_1.0.0.202411081344/tools/bin/../lib/gcc/arm-none-eabi/13.3.1/thumb/v7e-m+dp/hard/crti.o
LOAD C:/ST/STM32CubeIDE_1.18.1/STM32CubeIDE/plugins/com.st.stm32cube.ide.mcu.externaltools.gnu-tools-for-stm32.13.3.rel1.win32_1.0.0.202411081344/tools/bin/../lib/gcc/arm-none-eabi/13.3.1/thumb/v7e-m+dp/hard/crtbegin.o
LOAD C:/ST/STM32CubeIDE_1.18.1/STM32CubeIDE/plugins/com.st.stm32cube.ide.mcu.externaltools.gnu-tools-for-stm32.13.3.rel1.win32_1.0.0.202411081344/tools/bin/../lib/gcc/arm-none-eabi/13.3.1/../../../../arm-none-eabi/lib/thumb/v7e-m+dp/hard/crt0.o
LOAD ./Core/Src/Extended-KF.o
LOAD ./Core/Src/Pendulum.o
LOAD ./Core/Src/main.o
LOAD ./Core/Src/stm32h7xx_hal_msp.o
LOAD ./Core/Src/stm32h7xx_it.o
LOAD ./Core/Src/syscalls.o
LOAD ./Core/Src/sysmem.o
LOAD ./Core/Src/system_stm32h7xx.o
LOAD ./Core/Startup/startup_stm32h723zgtx.o
LOAD ./Drivers/STM32H7xx_HAL_Driver/Src/stm32h7xx_hal.o
LOAD ./Drivers/STM32H7xx_HAL_Driver/Src/stm32h7xx_hal_cortex.o
LOAD ./Drivers/STM32H7xx_HAL_Driver/Src/stm32h7xx_hal_dma.o
LOAD ./Drivers/STM32H7xx_HAL_Driver/Src/stm32h7xx_hal_dma_ex.o
LOAD ./Drivers/STM32H7xx_HAL_Driver/Src/stm32h7xx_hal_exti.o
LOAD ./Drivers/STM32H7xx_HAL_Driver/Src/stm32h7xx_hal_flash.o
LOAD ./Drivers/STM32H7xx_HAL_Driver/Src/stm32h7xx_hal_flash_ex.o
LOAD ./Drivers/STM32H7xx_HAL_Driver/Src/stm32h7xx_hal_gpio.o
LOAD ./Drivers/STM32H7xx_HAL_Driver/Src/stm32h7xx_hal_hsem.o
LOAD ./Drivers/STM32H7xx_HAL_Driver/Src/stm32h7xx_hal_i2c.o
LOAD ./Drivers/STM32H7xx_HAL_Driver/Src/stm32h7xx_hal_i2c_ex.o
LOAD ./Drivers/STM32H7xx_HAL_Driver/Src/stm32h7xx_hal_mdma.o
LOAD ./Drivers/STM32H7xx_HAL_Driver/Src/stm32h7xx_hal_pwr.o
LOAD ./Drivers/STM32H7xx_HAL_Driver/Src/stm32h7xx_hal_pwr_ex.o
LOAD ./Drivers/STM32H7xx_HAL_Driver/Src/stm32h7xx_hal_rcc.o
LOAD ./Drivers/STM32H7xx_HAL_Driver/Src/stm32h7xx_hal_rcc_ex.o
LOAD ./Drivers/STM32H7xx_HAL_Driver/Src/stm32h7xx_hal_tim.o
LOAD ./Drivers/STM32H7xx_HAL_Driver/Src/stm32h7xx_hal_tim_ex.o
LOAD C:\Users\yassine jelassi\STM32CubeIDE\Shanon_H7\Extended-kalman-filter\lib\libarm_cortexM7lfsp_math.a
START GROUP
LOAD C:/ST/STM32CubeIDE_1.18.1/STM32CubeIDE/plugins/com.st.stm32cube.ide.mcu.externaltools.gnu-tools-for-stm32.13.3.rel1.win32_1.0.0.202411081344/tools/bin/../lib/gcc/arm-none-eabi/13.3.1/../../../../arm-none-eabi/lib/thumb/v7e-m+dp/hard\libc_nano.a
LOAD C:/ST/STM32CubeIDE_1.18.1/STM32CubeIDE/plugins/com.st.stm32cube.ide.mcu.externaltools.gnu-tools-for-stm32.13.3.rel1.win32_1.0.0.202411081344/tools/bin/../lib/gcc/arm-none-eabi/13.3.1/../../../../arm-none-eabi/lib/thumb/v7e-m+dp/hard\libm.a
END GROUP
START GROUP
LOAD C:/ST/STM32CubeIDE_1.18.1/STM32CubeIDE/plugins/com.st.stm32cube.ide.mcu.externaltools.gnu-tools-for-stm32.13.3.rel1.win32_1.0.0.202411081344/tools/bin/../lib/gcc/arm-none-eabi/13.3.1/thumb/v7e-m+dp/hard\libgcc.a
LOAD C:/ST/STM32CubeIDE_1.18.1/STM32CubeIDE/plugins/com.st.stm32cube.ide.mcu.externaltools.gnu-tools-for-stm32.13.3.rel1.win32_1.0.0.202411081344/tools/bin/../lib/gcc/arm-none-eabi/13.3.1/../../../../arm-none-eabi/lib/thumb/v7e-m+dp/hard\libc_nano.a
END GROUP
START GROUP
LOAD C:/ST/STM32CubeIDE_1.18.1/STM32CubeIDE/plugins/com.st.stm32cube.ide.mcu.externaltools.gnu-tools-for-stm32.13.3.rel1.win32_1.0.0.202411081344/tools/bin/../lib/gcc/arm-none-eabi/13.3.1/thumb/v7e-m+dp/hard\libgcc.a
LOAD C:/ST/STM32CubeIDE_1.18.1/STM32CubeIDE/plugins/com.st.stm32cube.ide.mcu.externaltools.gnu-tools-for-stm32.13.3.rel1.win32_1.0.0.202411081344/tools/bin/../lib/gcc/arm-none-eabi/13.3.1/../../../../arm-none-eabi/lib/thumb/v7e-m+dp/hard\libc_nano.a
LOAD C:/ST/STM32CubeIDE_1.18.1/STM32CubeIDE/plugins/com.st.stm32cube.ide.mcu.externaltools.gnu-tools-for-stm32.13.3.rel1.win32_1.0.0.202411081344/tools/bin/../lib/gcc/arm-none-eabi/13.3.1/../../../../arm-none-eabi/lib/thumb/v7e-m+dp/hard\libnosys.a
END GROUP
START GROUP
LOAD C:/ST/STM32CubeIDE_1.18.1/STM32CubeIDE/plugins/com.st.stm32cube.ide.mcu.externaltools.gnu-tools-for-stm32.13.3.rel1.win32_1.0.0.202411081344/tools/bin/../lib/gcc/arm-none-eabi/13.3.1/thumb/v7e-m+dp/hard\libgcc.a
LOAD C:/ST/STM32CubeIDE_1.18.1/STM32CubeIDE/plugins/com.st.stm32cube.ide.mcu.externaltools.gnu-tools-for-stm32.13.3.rel1.win32_1.0.0.202411081344/tools/bin/../lib/gcc/arm-none-eabi/13.3.1/../../../../arm-none-eabi/lib/thumb/v7e-m+dp/hard\libc_nano.a
LOAD C:/ST/STM32CubeIDE_1.18.1/STM32CubeIDE/plugins/com.st.stm32cube.ide.mcu.externaltools.gnu-tools-for-stm32.13.3.rel1.win32_1.0.0.202411081344/tools/bin/../lib/gcc/arm-none-eabi/13.3.1/../../../../arm-none-eabi/lib/thumb/v7e-m+dp/hard\libnosys.a
END GROUP
LOAD C:/ST/STM32CubeIDE_1.18.1/STM32CubeIDE/plugins/com.st.stm32cube.ide.mcu.externaltools.gnu-tools-for-stm32.13.3.rel1.win32_1.0.0.202411081344/tools/bin/../lib/gcc/arm-none-eabi/13.3.1/thumb/v7e-m+dp/hard/crtend.o
LOAD C:/ST/STM32CubeIDE_1.18.1/STM32CubeIDE/plugins/com.st.stm32cube.ide.mcu.externaltools.gnu-tools-for-stm32.13.3.rel1.win32_1.0.0.202411081344/tools/bin/../lib/gcc/arm-none-eabi/13.3.1/thumb/v7e-m+dp/hard/crtn.o
                0x24050000                        _estack = (ORIGIN (RAM_D1) + LENGTH (RAM_D1))
                0x00000200                        _Min_Heap_Size = 0x200
                0x00000400                        _Min_Stack_Size = 0x400

.isr_vector     0x08000000      0x2cc
                0x08000000                        . = ALIGN (0x4)
 *(.isr_vector)
 .isr_vector    0x08000000      0x2cc ./Core/Startup/startup_stm32h723zgtx.o
                0x08000000                g_pfnVectors
                0x080002cc                        . = ALIGN (0x4)

.text           0x080002d0     0x53dc
                0x080002d0                        . = ALIGN (0x4)
 *(.text)
 .text          0x080002d0       0x40 C:/ST/STM32CubeIDE_1.18.1/STM32CubeIDE/plugins/com.st.stm32cube.ide.mcu.externaltools.gnu-tools-for-stm32.13.3.rel1.win32_1.0.0.202411081344/tools/bin/../lib/gcc/arm-none-eabi/13.3.1/thumb/v7e-m+dp/hard/crtbegin.o
 .text          0x08000310       0xa0 C:/ST/STM32CubeIDE_1.18.1/STM32CubeIDE/plugins/com.st.stm32cube.ide.mcu.externaltools.gnu-tools-for-stm32.13.3.rel1.win32_1.0.0.202411081344/tools/bin/../lib/gcc/arm-none-eabi/13.3.1/../../../../arm-none-eabi/lib/thumb/v7e-m+dp/hard\libc_nano.a(libc_a-memchr.o)
                0x08000310                memchr
 .text          0x080003b0      0x378 C:/ST/STM32CubeIDE_1.18.1/STM32CubeIDE/plugins/com.st.stm32cube.ide.mcu.externaltools.gnu-tools-for-stm32.13.3.rel1.win32_1.0.0.202411081344/tools/bin/../lib/gcc/arm-none-eabi/13.3.1/thumb/v7e-m+dp/hard\libgcc.a(_arm_addsubdf3.o)
                0x080003b0                __aeabi_drsub
                0x080003b8                __aeabi_dsub
                0x080003b8                __subdf3
                0x080003bc                __aeabi_dadd
                0x080003bc                __adddf3
                0x08000634                __floatunsidf
                0x08000634                __aeabi_ui2d
                0x08000654                __floatsidf
                0x08000654                __aeabi_i2d
                0x08000678                __aeabi_f2d
                0x08000678                __extendsfdf2
                0x080006bc                __floatundidf
                0x080006bc                __aeabi_ul2d
                0x080006cc                __floatdidf
                0x080006cc                __aeabi_l2d
 *(.text*)
 .text.EKF_Init
                0x08000728       0xe4 ./Core/Src/Extended-KF.o
                0x08000728                EKF_Init
 .text.EKF_Predict
                0x0800080c      0x1a4 ./Core/Src/Extended-KF.o
                0x0800080c                EKF_Predict
 .text.EKF_Update
                0x080009b0      0x778 ./Core/Src/Extended-KF.o
                0x080009b0                EKF_Update
 .text.EKF_Step
                0x08001128       0x2c ./Core/Src/Extended-KF.o
                0x08001128                EKF_Step
 .text.generate_white_noise
                0x08001154       0x40 ./Core/Src/Pendulum.o
                0x08001154                generate_white_noise
 .text.update_pendulum
                0x08001194       0x94 ./Core/Src/Pendulum.o
                0x08001194                update_pendulum
 .text.pendulum_f
                0x08001228       0xbc ./Core/Src/main.o
                0x08001228                pendulum_f
 .text.pendulum_F_jacobian
                0x080012e4       0x9c ./Core/Src/main.o
                0x080012e4                pendulum_F_jacobian
 .text.pendulum_h
                0x08001380       0x22 ./Core/Src/main.o
                0x08001380                pendulum_h
 .text.pendulum_H_jacobian
                0x080013a2       0x32 ./Core/Src/main.o
                0x080013a2                pendulum_H_jacobian
 .text.main     0x080013d4       0xf8 ./Core/Src/main.o
                0x080013d4                main
 .text.SystemClock_Config
                0x080014cc       0xe0 ./Core/Src/main.o
                0x080014cc                SystemClock_Config
 .text.MX_TIM2_Init
                0x080015ac       0x9c ./Core/Src/main.o
 .text.MX_GPIO_Init
                0x08001648      0x154 ./Core/Src/main.o
 .text.HAL_TIM_PeriodElapsedCallback
                0x0800179c       0x68 ./Core/Src/main.o
                0x0800179c                HAL_TIM_PeriodElapsedCallback
 .text.MPU_Config
                0x08001804       0x58 ./Core/Src/main.o
 .text.Error_Handler
                0x0800185c        0xc ./Core/Src/main.o
                0x0800185c                Error_Handler
 .text.HAL_MspInit
                0x08001868       0x34 ./Core/Src/stm32h7xx_hal_msp.o
                0x08001868                HAL_MspInit
 .text.HAL_TIM_Base_MspInit
                0x0800189c       0x4c ./Core/Src/stm32h7xx_hal_msp.o
                0x0800189c                HAL_TIM_Base_MspInit
 .text.NMI_Handler
                0x080018e8        0x8 ./Core/Src/stm32h7xx_it.o
                0x080018e8                NMI_Handler
 .text.HardFault_Handler
                0x080018f0        0x8 ./Core/Src/stm32h7xx_it.o
                0x080018f0                HardFault_Handler
 .text.MemManage_Handler
                0x080018f8        0x8 ./Core/Src/stm32h7xx_it.o
                0x080018f8                MemManage_Handler
 .text.BusFault_Handler
                0x08001900        0x8 ./Core/Src/stm32h7xx_it.o
                0x08001900                BusFault_Handler
 .text.UsageFault_Handler
                0x08001908        0x8 ./Core/Src/stm32h7xx_it.o
                0x08001908                UsageFault_Handler
 .text.SVC_Handler
                0x08001910        0xe ./Core/Src/stm32h7xx_it.o
                0x08001910                SVC_Handler
 .text.DebugMon_Handler
                0x0800191e        0xe ./Core/Src/stm32h7xx_it.o
                0x0800191e                DebugMon_Handler
 .text.PendSV_Handler
                0x0800192c        0xe ./Core/Src/stm32h7xx_it.o
                0x0800192c                PendSV_Handler
 .text.SysTick_Handler
                0x0800193a        0xc ./Core/Src/stm32h7xx_it.o
                0x0800193a                SysTick_Handler
 *fill*         0x08001946        0x2 
 .text.TIM2_IRQHandler
                0x08001948       0x14 ./Core/Src/stm32h7xx_it.o
                0x08001948                TIM2_IRQHandler
 .text._getpid  0x0800195c       0x10 ./Core/Src/syscalls.o
                0x0800195c                _getpid
 .text._kill    0x0800196c       0x20 ./Core/Src/syscalls.o
                0x0800196c                _kill
 .text._exit    0x0800198c       0x16 ./Core/Src/syscalls.o
                0x0800198c                _exit
 .text._read    0x080019a2       0x3a ./Core/Src/syscalls.o
                0x080019a2                _read
 .text._write   0x080019dc       0x38 ./Core/Src/syscalls.o
                0x080019dc                _write
 .text._close   0x08001a14       0x18 ./Core/Src/syscalls.o
                0x08001a14                _close
 .text._fstat   0x08001a2c       0x20 ./Core/Src/syscalls.o
                0x08001a2c                _fstat
 .text._isatty  0x08001a4c       0x16 ./Core/Src/syscalls.o
                0x08001a4c                _isatty
 .text._lseek   0x08001a62       0x1a ./Core/Src/syscalls.o
                0x08001a62                _lseek
 .text._sbrk    0x08001a7c       0x6c ./Core/Src/sysmem.o
                0x08001a7c                _sbrk
 .text.SystemInit
                0x08001ae8      0x120 ./Core/Src/system_stm32h7xx.o
                0x08001ae8                SystemInit
 .text.ExitRun0Mode
                0x08001c08       0x30 ./Core/Src/system_stm32h7xx.o
                0x08001c08                ExitRun0Mode
 .text.Reset_Handler
                0x08001c38       0x54 ./Core/Startup/startup_stm32h723zgtx.o
                0x08001c38                Reset_Handler
 .text.Default_Handler
                0x08001c8c        0x2 ./Core/Startup/startup_stm32h723zgtx.o
                0x08001c8c                RTC_Alarm_IRQHandler
                0x08001c8c                EXTI2_IRQHandler
                0x08001c8c                TIM8_CC_IRQHandler
                0x08001c8c                UART8_IRQHandler
                0x08001c8c                SPI4_IRQHandler
                0x08001c8c                FDCAN3_IT0_IRQHandler
                0x08001c8c                TIM1_CC_IRQHandler
                0x08001c8c                BDMA_Channel6_IRQHandler
                0x08001c8c                DMA2_Stream5_IRQHandler
                0x08001c8c                DMA1_Stream5_IRQHandler
                0x08001c8c                CORDIC_IRQHandler
                0x08001c8c                BDMA_Channel1_IRQHandler
                0x08001c8c                TAMP_STAMP_IRQHandler
                0x08001c8c                EXTI3_IRQHandler
                0x08001c8c                LPTIM4_IRQHandler
                0x08001c8c                TIM8_TRG_COM_TIM14_IRQHandler
                0x08001c8c                LPTIM2_IRQHandler
                0x08001c8c                DFSDM1_FLT1_IRQHandler
                0x08001c8c                DMAMUX2_OVR_IRQHandler
                0x08001c8c                TIM8_UP_TIM13_IRQHandler
                0x08001c8c                I2C3_ER_IRQHandler
                0x08001c8c                DFSDM1_FLT2_IRQHandler
                0x08001c8c                I2C5_EV_IRQHandler
                0x08001c8c                USART10_IRQHandler
                0x08001c8c                MDMA_IRQHandler
                0x08001c8c                LPTIM3_IRQHandler
                0x08001c8c                HSEM1_IRQHandler
                0x08001c8c                EXTI0_IRQHandler
                0x08001c8c                I2C2_EV_IRQHandler
                0x08001c8c                DMA1_Stream2_IRQHandler
                0x08001c8c                FPU_IRQHandler
                0x08001c8c                OTG_HS_WKUP_IRQHandler
                0x08001c8c                FDCAN1_IT1_IRQHandler
                0x08001c8c                LTDC_ER_IRQHandler
                0x08001c8c                DMA2_Stream2_IRQHandler
                0x08001c8c                SPI1_IRQHandler
                0x08001c8c                OCTOSPI1_IRQHandler
                0x08001c8c                TIM6_DAC_IRQHandler
                0x08001c8c                DMA2_Stream3_IRQHandler
                0x08001c8c                OCTOSPI2_IRQHandler
                0x08001c8c                DFSDM1_FLT3_IRQHandler
                0x08001c8c                TIM23_IRQHandler
                0x08001c8c                USART6_IRQHandler
                0x08001c8c                TIM17_IRQHandler
                0x08001c8c                USART3_IRQHandler
                0x08001c8c                BDMA_Channel7_IRQHandler
                0x08001c8c                LPTIM5_IRQHandler
                0x08001c8c                UART5_IRQHandler
                0x08001c8c                ADC3_IRQHandler
                0x08001c8c                DMA2_Stream0_IRQHandler
                0x08001c8c                TIM4_IRQHandler
                0x08001c8c                BDMA_Channel2_IRQHandler
                0x08001c8c                I2C1_EV_IRQHandler
                0x08001c8c                DMA1_Stream6_IRQHandler
                0x08001c8c                DMAMUX1_OVR_IRQHandler
                0x08001c8c                DMA1_Stream1_IRQHandler
                0x08001c8c                TIM16_IRQHandler
                0x08001c8c                UART4_IRQHandler
                0x08001c8c                BDMA_Channel5_IRQHandler
                0x08001c8c                TIM3_IRQHandler
                0x08001c8c                RCC_IRQHandler
                0x08001c8c                UART9_IRQHandler
                0x08001c8c                TIM8_BRK_TIM12_IRQHandler
                0x08001c8c                TIM1_TRG_COM_IRQHandler
                0x08001c8c                Default_Handler
                0x08001c8c                ECC_IRQHandler
                0x08001c8c                FMAC_IRQHandler
                0x08001c8c                CEC_IRQHandler
                0x08001c8c                EXTI15_10_IRQHandler
                0x08001c8c                BDMA_Channel0_IRQHandler
                0x08001c8c                ADC_IRQHandler
                0x08001c8c                I2C5_ER_IRQHandler
                0x08001c8c                DMA1_Stream7_IRQHandler
                0x08001c8c                SPI5_IRQHandler
                0x08001c8c                TIM7_IRQHandler
                0x08001c8c                FDCAN3_IT1_IRQHandler
                0x08001c8c                SDMMC1_IRQHandler
                0x08001c8c                TIM5_IRQHandler
                0x08001c8c                DMA2_Stream7_IRQHandler
                0x08001c8c                TIM15_IRQHandler
                0x08001c8c                PVD_AVD_IRQHandler
                0x08001c8c                I2C3_EV_IRQHandler
                0x08001c8c                EXTI9_5_IRQHandler
                0x08001c8c                RTC_WKUP_IRQHandler
                0x08001c8c                LTDC_IRQHandler
                0x08001c8c                ETH_WKUP_IRQHandler
                0x08001c8c                SPDIF_RX_IRQHandler
                0x08001c8c                SPI2_IRQHandler
                0x08001c8c                OTG_HS_EP1_IN_IRQHandler
                0x08001c8c                DMA1_Stream0_IRQHandler
                0x08001c8c                TIM24_IRQHandler
                0x08001c8c                CRS_IRQHandler
                0x08001c8c                EXTI4_IRQHandler
                0x08001c8c                RNG_IRQHandler
                0x08001c8c                FDCAN2_IT1_IRQHandler
                0x08001c8c                ETH_IRQHandler
                0x08001c8c                TIM1_UP_IRQHandler
                0x08001c8c                BDMA_Channel4_IRQHandler
                0x08001c8c                OTG_HS_EP1_OUT_IRQHandler
                0x08001c8c                WWDG_IRQHandler
                0x08001c8c                SPI6_IRQHandler
                0x08001c8c                MDIOS_IRQHandler
                0x08001c8c                I2C4_EV_IRQHandler
                0x08001c8c                FDCAN2_IT0_IRQHandler
                0x08001c8c                LPUART1_IRQHandler
                0x08001c8c                FDCAN1_IT0_IRQHandler
                0x08001c8c                OTG_HS_IRQHandler
                0x08001c8c                DMA2D_IRQHandler
                0x08001c8c                TIM1_BRK_IRQHandler
                0x08001c8c                EXTI1_IRQHandler
                0x08001c8c                SDMMC2_IRQHandler
                0x08001c8c                BDMA_Channel3_IRQHandler
                0x08001c8c                DTS_IRQHandler
                0x08001c8c                UART7_IRQHandler
                0x08001c8c                MDIOS_WKUP_IRQHandler
                0x08001c8c                USART2_IRQHandler
                0x08001c8c                DFSDM1_FLT0_IRQHandler
                0x08001c8c                SAI4_IRQHandler
                0x08001c8c                I2C2_ER_IRQHandler
                0x08001c8c                DMA2_Stream1_IRQHandler
                0x08001c8c                FLASH_IRQHandler
                0x08001c8c                DMA2_Stream4_IRQHandler
                0x08001c8c                USART1_IRQHandler
                0x08001c8c                SPI3_IRQHandler
                0x08001c8c                WAKEUP_PIN_IRQHandler
                0x08001c8c                DMA1_Stream4_IRQHandler
                0x08001c8c                I2C1_ER_IRQHandler
                0x08001c8c                FMC_IRQHandler
                0x08001c8c                FDCAN_CAL_IRQHandler
                0x08001c8c                SWPMI1_IRQHandler
                0x08001c8c                COMP1_IRQHandler
                0x08001c8c                LPTIM1_IRQHandler
                0x08001c8c                DCMI_PSSI_IRQHandler
                0x08001c8c                I2C4_ER_IRQHandler
                0x08001c8c                DMA2_Stream6_IRQHandler
                0x08001c8c                SAI1_IRQHandler
                0x08001c8c                DMA1_Stream3_IRQHandler
 *fill*         0x08001c8e        0x2 
 .text.HAL_Init
                0x08001c90       0x78 ./Drivers/STM32H7xx_HAL_Driver/Src/stm32h7xx_hal.o
                0x08001c90                HAL_Init
 .text.HAL_InitTick
                0x08001d08       0x6c ./Drivers/STM32H7xx_HAL_Driver/Src/stm32h7xx_hal.o
                0x08001d08                HAL_InitTick
 .text.HAL_IncTick
                0x08001d74       0x28 ./Drivers/STM32H7xx_HAL_Driver/Src/stm32h7xx_hal.o
                0x08001d74                HAL_IncTick
 .text.HAL_GetTick
                0x08001d9c       0x18 ./Drivers/STM32H7xx_HAL_Driver/Src/stm32h7xx_hal.o
                0x08001d9c                HAL_GetTick
 .text.HAL_Delay
                0x08001db4       0x48 ./Drivers/STM32H7xx_HAL_Driver/Src/stm32h7xx_hal.o
                0x08001db4                HAL_Delay
 .text.__NVIC_SetPriorityGrouping
                0x08001dfc       0x48 ./Drivers/STM32H7xx_HAL_Driver/Src/stm32h7xx_hal_cortex.o
 .text.__NVIC_GetPriorityGrouping
                0x08001e44       0x1c ./Drivers/STM32H7xx_HAL_Driver/Src/stm32h7xx_hal_cortex.o
 .text.__NVIC_EnableIRQ
                0x08001e60       0x3c ./Drivers/STM32H7xx_HAL_Driver/Src/stm32h7xx_hal_cortex.o
 .text.__NVIC_SetPriority
                0x08001e9c       0x54 ./Drivers/STM32H7xx_HAL_Driver/Src/stm32h7xx_hal_cortex.o
 .text.NVIC_EncodePriority
                0x08001ef0       0x66 ./Drivers/STM32H7xx_HAL_Driver/Src/stm32h7xx_hal_cortex.o
 *fill*         0x08001f56        0x2 
 .text.SysTick_Config
                0x08001f58       0x44 ./Drivers/STM32H7xx_HAL_Driver/Src/stm32h7xx_hal_cortex.o
 .text.HAL_NVIC_SetPriorityGrouping
                0x08001f9c       0x16 ./Drivers/STM32H7xx_HAL_Driver/Src/stm32h7xx_hal_cortex.o
                0x08001f9c                HAL_NVIC_SetPriorityGrouping
 .text.HAL_NVIC_SetPriority
                0x08001fb2       0x34 ./Drivers/STM32H7xx_HAL_Driver/Src/stm32h7xx_hal_cortex.o
                0x08001fb2                HAL_NVIC_SetPriority
 .text.HAL_NVIC_EnableIRQ
                0x08001fe6       0x1c ./Drivers/STM32H7xx_HAL_Driver/Src/stm32h7xx_hal_cortex.o
                0x08001fe6                HAL_NVIC_EnableIRQ
 .text.HAL_SYSTICK_Config
                0x08002002       0x18 ./Drivers/STM32H7xx_HAL_Driver/Src/stm32h7xx_hal_cortex.o
                0x08002002                HAL_SYSTICK_Config
 *fill*         0x0800201a        0x2 
 .text.HAL_MPU_Disable
                0x0800201c       0x30 ./Drivers/STM32H7xx_HAL_Driver/Src/stm32h7xx_hal_cortex.o
                0x0800201c                HAL_MPU_Disable
 .text.HAL_MPU_Enable
                0x0800204c       0x40 ./Drivers/STM32H7xx_HAL_Driver/Src/stm32h7xx_hal_cortex.o
                0x0800204c                HAL_MPU_Enable
 .text.HAL_MPU_ConfigRegion
                0x0800208c       0x80 ./Drivers/STM32H7xx_HAL_Driver/Src/stm32h7xx_hal_cortex.o
                0x0800208c                HAL_MPU_ConfigRegion
 .text.HAL_GPIO_Init
                0x0800210c      0x350 ./Drivers/STM32H7xx_HAL_Driver/Src/stm32h7xx_hal_gpio.o
                0x0800210c                HAL_GPIO_Init
 .text.HAL_GPIO_WritePin
                0x0800245c       0x32 ./Drivers/STM32H7xx_HAL_Driver/Src/stm32h7xx_hal_gpio.o
                0x0800245c                HAL_GPIO_WritePin
 *fill*         0x0800248e        0x2 
 .text.HAL_PWREx_ConfigSupply
                0x08002490       0x74 ./Drivers/STM32H7xx_HAL_Driver/Src/stm32h7xx_hal_pwr_ex.o
                0x08002490                HAL_PWREx_ConfigSupply
 .text.HAL_RCC_OscConfig
                0x08002504      0x7b4 ./Drivers/STM32H7xx_HAL_Driver/Src/stm32h7xx_hal_rcc.o
                0x08002504                HAL_RCC_OscConfig
 .text.HAL_RCC_ClockConfig
                0x08002cb8      0x36c ./Drivers/STM32H7xx_HAL_Driver/Src/stm32h7xx_hal_rcc.o
                0x08002cb8                HAL_RCC_ClockConfig
 .text.HAL_RCC_GetSysClockFreq
                0x08003024      0x2f4 ./Drivers/STM32H7xx_HAL_Driver/Src/stm32h7xx_hal_rcc.o
                0x08003024                HAL_RCC_GetSysClockFreq
 .text.HAL_TIM_Base_Init
                0x08003318       0xae ./Drivers/STM32H7xx_HAL_Driver/Src/stm32h7xx_hal_tim.o
                0x08003318                HAL_TIM_Base_Init
 *fill*         0x080033c6        0x2 
 .text.HAL_TIM_Base_Start_IT
                0x080033c8      0x10c ./Drivers/STM32H7xx_HAL_Driver/Src/stm32h7xx_hal_tim.o
                0x080033c8                HAL_TIM_Base_Start_IT
 .text.HAL_TIM_IRQHandler
                0x080034d4      0x20e ./Drivers/STM32H7xx_HAL_Driver/Src/stm32h7xx_hal_tim.o
                0x080034d4                HAL_TIM_IRQHandler
 *fill*         0x080036e2        0x2 
 .text.HAL_TIM_ConfigClockSource
                0x080036e4      0x1f0 ./Drivers/STM32H7xx_HAL_Driver/Src/stm32h7xx_hal_tim.o
                0x080036e4                HAL_TIM_ConfigClockSource
 .text.HAL_TIM_OC_DelayElapsedCallback
                0x080038d4       0x14 ./Drivers/STM32H7xx_HAL_Driver/Src/stm32h7xx_hal_tim.o
                0x080038d4                HAL_TIM_OC_DelayElapsedCallback
 .text.HAL_TIM_IC_CaptureCallback
                0x080038e8       0x14 ./Drivers/STM32H7xx_HAL_Driver/Src/stm32h7xx_hal_tim.o
                0x080038e8                HAL_TIM_IC_CaptureCallback
 .text.HAL_TIM_PWM_PulseFinishedCallback
                0x080038fc       0x14 ./Drivers/STM32H7xx_HAL_Driver/Src/stm32h7xx_hal_tim.o
                0x080038fc                HAL_TIM_PWM_PulseFinishedCallback
 .text.HAL_TIM_TriggerCallback
                0x08003910       0x14 ./Drivers/STM32H7xx_HAL_Driver/Src/stm32h7xx_hal_tim.o
                0x08003910                HAL_TIM_TriggerCallback
 .text.TIM_Base_SetConfig
                0x08003924      0x158 ./Drivers/STM32H7xx_HAL_Driver/Src/stm32h7xx_hal_tim.o
                0x08003924                TIM_Base_SetConfig
 .text.TIM_TI1_ConfigInputStage
                0x08003a7c       0x5e ./Drivers/STM32H7xx_HAL_Driver/Src/stm32h7xx_hal_tim.o
 .text.TIM_TI2_ConfigInputStage
                0x08003ada       0x60 ./Drivers/STM32H7xx_HAL_Driver/Src/stm32h7xx_hal_tim.o
 *fill*         0x08003b3a        0x2 
 .text.TIM_ITRx_SetConfig
                0x08003b3c       0x3c ./Drivers/STM32H7xx_HAL_Driver/Src/stm32h7xx_hal_tim.o
 .text.TIM_ETR_SetConfig
                0x08003b78       0x40 ./Drivers/STM32H7xx_HAL_Driver/Src/stm32h7xx_hal_tim.o
                0x08003b78                TIM_ETR_SetConfig
 .text.HAL_TIMEx_MasterConfigSynchronization
                0x08003bb8      0x138 ./Drivers/STM32H7xx_HAL_Driver/Src/stm32h7xx_hal_tim_ex.o
                0x08003bb8                HAL_TIMEx_MasterConfigSynchronization
 .text.HAL_TIMEx_CommutCallback
                0x08003cf0       0x14 ./Drivers/STM32H7xx_HAL_Driver/Src/stm32h7xx_hal_tim_ex.o
                0x08003cf0                HAL_TIMEx_CommutCallback
 .text.HAL_TIMEx_BreakCallback
                0x08003d04       0x14 ./Drivers/STM32H7xx_HAL_Driver/Src/stm32h7xx_hal_tim_ex.o
                0x08003d04                HAL_TIMEx_BreakCallback
 .text.HAL_TIMEx_Break2Callback
                0x08003d18       0x14 ./Drivers/STM32H7xx_HAL_Driver/Src/stm32h7xx_hal_tim_ex.o
                0x08003d18                HAL_TIMEx_Break2Callback
 .text.arm_mat_trans_f32
                0x08003d2c       0xdc C:\Users\yassine jelassi\STM32CubeIDE\Shanon_H7\Extended-kalman-filter\lib\libarm_cortexM7lfsp_math.a(arm_mat_trans_f32.o)
                0x08003d2c                arm_mat_trans_f32
 .text.arm_mat_sub_f32
                0x08003e08       0xb8 C:\Users\yassine jelassi\STM32CubeIDE\Shanon_H7\Extended-kalman-filter\lib\libarm_cortexM7lfsp_math.a(arm_mat_sub_f32.o)
                0x08003e08                arm_mat_sub_f32
 .text.arm_mat_mult_f32
                0x08003ec0      0x154 C:\Users\yassine jelassi\STM32CubeIDE\Shanon_H7\Extended-kalman-filter\lib\libarm_cortexM7lfsp_math.a(arm_mat_mult_f32.o)
                0x08003ec0                arm_mat_mult_f32
 .text.arm_mat_inverse_f32
                0x08004014      0x290 C:\Users\yassine jelassi\STM32CubeIDE\Shanon_H7\Extended-kalman-filter\lib\libarm_cortexM7lfsp_math.a(arm_mat_inverse_f32.o)
                0x08004014                arm_mat_inverse_f32
 .text.arm_mat_init_f32
                0x080042a4        0x8 C:\Users\yassine jelassi\STM32CubeIDE\Shanon_H7\Extended-kalman-filter\lib\libarm_cortexM7lfsp_math.a(arm_mat_init_f32.o)
                0x080042a4                arm_mat_init_f32
 .text.arm_mat_add_f32
                0x080042ac       0xb8 C:\Users\yassine jelassi\STM32CubeIDE\Shanon_H7\Extended-kalman-filter\lib\libarm_cortexM7lfsp_math.a(arm_mat_add_f32.o)
                0x080042ac                arm_mat_add_f32
 .text.rand     0x08004364       0x7c C:/ST/STM32CubeIDE_1.18.1/STM32CubeIDE/plugins/com.st.stm32cube.ide.mcu.externaltools.gnu-tools-for-stm32.13.3.rel1.win32_1.0.0.202411081344/tools/bin/../lib/gcc/arm-none-eabi/13.3.1/../../../../arm-none-eabi/lib/thumb/v7e-m+dp/hard\libc_nano.a(libc_a-rand.o)
                0x08004364                rand
 .text.std      0x080043e0       0x6c C:/ST/STM32CubeIDE_1.18.1/STM32CubeIDE/plugins/com.st.stm32cube.ide.mcu.externaltools.gnu-tools-for-stm32.13.3.rel1.win32_1.0.0.202411081344/tools/bin/../lib/gcc/arm-none-eabi/13.3.1/../../../../arm-none-eabi/lib/thumb/v7e-m+dp/hard\libc_nano.a(libc_a-findfp.o)
 .text.stdio_exit_handler
                0x0800444c       0x18 C:/ST/STM32CubeIDE_1.18.1/STM32CubeIDE/plugins/com.st.stm32cube.ide.mcu.externaltools.gnu-tools-for-stm32.13.3.rel1.win32_1.0.0.202411081344/tools/bin/../lib/gcc/arm-none-eabi/13.3.1/../../../../arm-none-eabi/lib/thumb/v7e-m+dp/hard\libc_nano.a(libc_a-findfp.o)
 .text.cleanup_stdio
                0x08004464       0x40 C:/ST/STM32CubeIDE_1.18.1/STM32CubeIDE/plugins/com.st.stm32cube.ide.mcu.externaltools.gnu-tools-for-stm32.13.3.rel1.win32_1.0.0.202411081344/tools/bin/../lib/gcc/arm-none-eabi/13.3.1/../../../../arm-none-eabi/lib/thumb/v7e-m+dp/hard\libc_nano.a(libc_a-findfp.o)
 .text.global_stdio_init.part.0
                0x080044a4       0x3c C:/ST/STM32CubeIDE_1.18.1/STM32CubeIDE/plugins/com.st.stm32cube.ide.mcu.externaltools.gnu-tools-for-stm32.13.3.rel1.win32_1.0.0.202411081344/tools/bin/../lib/gcc/arm-none-eabi/13.3.1/../../../../arm-none-eabi/lib/thumb/v7e-m+dp/hard\libc_nano.a(libc_a-findfp.o)
 .text.__sfp_lock_acquire
                0x080044e0        0xc C:/ST/STM32CubeIDE_1.18.1/STM32CubeIDE/plugins/com.st.stm32cube.ide.mcu.externaltools.gnu-tools-for-stm32.13.3.rel1.win32_1.0.0.202411081344/tools/bin/../lib/gcc/arm-none-eabi/13.3.1/../../../../arm-none-eabi/lib/thumb/v7e-m+dp/hard\libc_nano.a(libc_a-findfp.o)
                0x080044e0                __sfp_lock_acquire
 .text.__sfp_lock_release
                0x080044ec        0xc C:/ST/STM32CubeIDE_1.18.1/STM32CubeIDE/plugins/com.st.stm32cube.ide.mcu.externaltools.gnu-tools-for-stm32.13.3.rel1.win32_1.0.0.202411081344/tools/bin/../lib/gcc/arm-none-eabi/13.3.1/../../../../arm-none-eabi/lib/thumb/v7e-m+dp/hard\libc_nano.a(libc_a-findfp.o)
                0x080044ec                __sfp_lock_release
 .text.__sinit  0x080044f8       0x30 C:/ST/STM32CubeIDE_1.18.1/STM32CubeIDE/plugins/com.st.stm32cube.ide.mcu.externaltools.gnu-tools-for-stm32.13.3.rel1.win32_1.0.0.202411081344/tools/bin/../lib/gcc/arm-none-eabi/13.3.1/../../../../arm-none-eabi/lib/thumb/v7e-m+dp/hard\libc_nano.a(libc_a-findfp.o)
                0x080044f8                __sinit
 .text._fwalk_sglue
                0x08004528       0x3c C:/ST/STM32CubeIDE_1.18.1/STM32CubeIDE/plugins/com.st.stm32cube.ide.mcu.externaltools.gnu-tools-for-stm32.13.3.rel1.win32_1.0.0.202411081344/tools/bin/../lib/gcc/arm-none-eabi/13.3.1/../../../../arm-none-eabi/lib/thumb/v7e-m+dp/hard\libc_nano.a(libc_a-fwalk.o)
                0x08004528                _fwalk_sglue
 .text.__sread  0x08004564       0x22 C:/ST/STM32CubeIDE_1.18.1/STM32CubeIDE/plugins/com.st.stm32cube.ide.mcu.externaltools.gnu-tools-for-stm32.13.3.rel1.win32_1.0.0.202411081344/tools/bin/../lib/gcc/arm-none-eabi/13.3.1/../../../../arm-none-eabi/lib/thumb/v7e-m+dp/hard\libc_nano.a(libc_a-stdio.o)
                0x08004564                __sread
 .text.__swrite
                0x08004586       0x38 C:/ST/STM32CubeIDE_1.18.1/STM32CubeIDE/plugins/com.st.stm32cube.ide.mcu.externaltools.gnu-tools-for-stm32.13.3.rel1.win32_1.0.0.202411081344/tools/bin/../lib/gcc/arm-none-eabi/13.3.1/../../../../arm-none-eabi/lib/thumb/v7e-m+dp/hard\libc_nano.a(libc_a-stdio.o)
                0x08004586                __swrite
 .text.__sseek  0x080045be       0x24 C:/ST/STM32CubeIDE_1.18.1/STM32CubeIDE/plugins/com.st.stm32cube.ide.mcu.externaltools.gnu-tools-for-stm32.13.3.rel1.win32_1.0.0.202411081344/tools/bin/../lib/gcc/arm-none-eabi/13.3.1/../../../../arm-none-eabi/lib/thumb/v7e-m+dp/hard\libc_nano.a(libc_a-stdio.o)
                0x080045be                __sseek
 .text.__sclose
                0x080045e2        0x8 C:/ST/STM32CubeIDE_1.18.1/STM32CubeIDE/plugins/com.st.stm32cube.ide.mcu.externaltools.gnu-tools-for-stm32.13.3.rel1.win32_1.0.0.202411081344/tools/bin/../lib/gcc/arm-none-eabi/13.3.1/../../../../arm-none-eabi/lib/thumb/v7e-m+dp/hard\libc_nano.a(libc_a-stdio.o)
                0x080045e2                __sclose
 .text.memset   0x080045ea       0x10 C:/ST/STM32CubeIDE_1.18.1/STM32CubeIDE/plugins/com.st.stm32cube.ide.mcu.externaltools.gnu-tools-for-stm32.13.3.rel1.win32_1.0.0.202411081344/tools/bin/../lib/gcc/arm-none-eabi/13.3.1/../../../../arm-none-eabi/lib/thumb/v7e-m+dp/hard\libc_nano.a(libc_a-memset.o)
                0x080045ea                memset
 *fill*         0x080045fa        0x2 
 .text._close_r
                0x080045fc       0x20 C:/ST/STM32CubeIDE_1.18.1/STM32CubeIDE/plugins/com.st.stm32cube.ide.mcu.externaltools.gnu-tools-for-stm32.13.3.rel1.win32_1.0.0.202411081344/tools/bin/../lib/gcc/arm-none-eabi/13.3.1/../../../../arm-none-eabi/lib/thumb/v7e-m+dp/hard\libc_nano.a(libc_a-closer.o)
                0x080045fc                _close_r
 .text._lseek_r
                0x0800461c       0x24 C:/ST/STM32CubeIDE_1.18.1/STM32CubeIDE/plugins/com.st.stm32cube.ide.mcu.externaltools.gnu-tools-for-stm32.13.3.rel1.win32_1.0.0.202411081344/tools/bin/../lib/gcc/arm-none-eabi/13.3.1/../../../../arm-none-eabi/lib/thumb/v7e-m+dp/hard\libc_nano.a(libc_a-lseekr.o)
                0x0800461c                _lseek_r
 .text._read_r  0x08004640       0x24 C:/ST/STM32CubeIDE_1.18.1/STM32CubeIDE/plugins/com.st.stm32cube.ide.mcu.externaltools.gnu-tools-for-stm32.13.3.rel1.win32_1.0.0.202411081344/tools/bin/../lib/gcc/arm-none-eabi/13.3.1/../../../../arm-none-eabi/lib/thumb/v7e-m+dp/hard\libc_nano.a(libc_a-readr.o)
                0x08004640                _read_r
 .text._write_r
                0x08004664       0x24 C:/ST/STM32CubeIDE_1.18.1/STM32CubeIDE/plugins/com.st.stm32cube.ide.mcu.externaltools.gnu-tools-for-stm32.13.3.rel1.win32_1.0.0.202411081344/tools/bin/../lib/gcc/arm-none-eabi/13.3.1/../../../../arm-none-eabi/lib/thumb/v7e-m+dp/hard\libc_nano.a(libc_a-writer.o)
                0x08004664                _write_r
 .text.__errno  0x08004688        0xc C:/ST/STM32CubeIDE_1.18.1/STM32CubeIDE/plugins/com.st.stm32cube.ide.mcu.externaltools.gnu-tools-for-stm32.13.3.rel1.win32_1.0.0.202411081344/tools/bin/../lib/gcc/arm-none-eabi/13.3.1/../../../../arm-none-eabi/lib/thumb/v7e-m+dp/hard\libc_nano.a(libc_a-errno.o)
                0x08004688                __errno
 .text.__libc_init_array
                0x08004694       0x48 C:/ST/STM32CubeIDE_1.18.1/STM32CubeIDE/plugins/com.st.stm32cube.ide.mcu.externaltools.gnu-tools-for-stm32.13.3.rel1.win32_1.0.0.202411081344/tools/bin/../lib/gcc/arm-none-eabi/13.3.1/../../../../arm-none-eabi/lib/thumb/v7e-m+dp/hard\libc_nano.a(libc_a-init.o)
                0x08004694                __libc_init_array
 .text.__retarget_lock_init_recursive
                0x080046dc        0x2 C:/ST/STM32CubeIDE_1.18.1/STM32CubeIDE/plugins/com.st.stm32cube.ide.mcu.externaltools.gnu-tools-for-stm32.13.3.rel1.win32_1.0.0.202411081344/tools/bin/../lib/gcc/arm-none-eabi/13.3.1/../../../../arm-none-eabi/lib/thumb/v7e-m+dp/hard\libc_nano.a(libc_a-lock.o)
                0x080046dc                __retarget_lock_init_recursive
 .text.__retarget_lock_acquire_recursive
                0x080046de        0x2 C:/ST/STM32CubeIDE_1.18.1/STM32CubeIDE/plugins/com.st.stm32cube.ide.mcu.externaltools.gnu-tools-for-stm32.13.3.rel1.win32_1.0.0.202411081344/tools/bin/../lib/gcc/arm-none-eabi/13.3.1/../../../../arm-none-eabi/lib/thumb/v7e-m+dp/hard\libc_nano.a(libc_a-lock.o)
                0x080046de                __retarget_lock_acquire_recursive
 .text.__retarget_lock_release_recursive
                0x080046e0        0x2 C:/ST/STM32CubeIDE_1.18.1/STM32CubeIDE/plugins/com.st.stm32cube.ide.mcu.externaltools.gnu-tools-for-stm32.13.3.rel1.win32_1.0.0.202411081344/tools/bin/../lib/gcc/arm-none-eabi/13.3.1/../../../../arm-none-eabi/lib/thumb/v7e-m+dp/hard\libc_nano.a(libc_a-lock.o)
                0x080046e0                __retarget_lock_release_recursive
 .text.memcpy   0x080046e2       0x1c C:/ST/STM32CubeIDE_1.18.1/STM32CubeIDE/plugins/com.st.stm32cube.ide.mcu.externaltools.gnu-tools-for-stm32.13.3.rel1.win32_1.0.0.202411081344/tools/bin/../lib/gcc/arm-none-eabi/13.3.1/../../../../arm-none-eabi/lib/thumb/v7e-m+dp/hard\libc_nano.a(libc_a-memcpy-stub.o)
                0x080046e2                memcpy
 *fill*         0x080046fe        0x2 
 .text.__assert_func
                0x08004700       0x3c C:/ST/STM32CubeIDE_1.18.1/STM32CubeIDE/plugins/com.st.stm32cube.ide.mcu.externaltools.gnu-tools-for-stm32.13.3.rel1.win32_1.0.0.202411081344/tools/bin/../lib/gcc/arm-none-eabi/13.3.1/../../../../arm-none-eabi/lib/thumb/v7e-m+dp/hard\libc_nano.a(libc_a-assert.o)
                0x08004700                __assert_func
 .text._free_r  0x0800473c       0x94 C:/ST/STM32CubeIDE_1.18.1/STM32CubeIDE/plugins/com.st.stm32cube.ide.mcu.externaltools.gnu-tools-for-stm32.13.3.rel1.win32_1.0.0.202411081344/tools/bin/../lib/gcc/arm-none-eabi/13.3.1/../../../../arm-none-eabi/lib/thumb/v7e-m+dp/hard\libc_nano.a(libc_a-freer.o)
                0x0800473c                _free_r
 .text.malloc   0x080047d0       0x10 C:/ST/STM32CubeIDE_1.18.1/STM32CubeIDE/plugins/com.st.stm32cube.ide.mcu.externaltools.gnu-tools-for-stm32.13.3.rel1.win32_1.0.0.202411081344/tools/bin/../lib/gcc/arm-none-eabi/13.3.1/../../../../arm-none-eabi/lib/thumb/v7e-m+dp/hard\libc_nano.a(libc_a-malloc.o)
                0x080047d0                malloc
 .text.sbrk_aligned
                0x080047e0       0x44 C:/ST/STM32CubeIDE_1.18.1/STM32CubeIDE/plugins/com.st.stm32cube.ide.mcu.externaltools.gnu-tools-for-stm32.13.3.rel1.win32_1.0.0.202411081344/tools/bin/../lib/gcc/arm-none-eabi/13.3.1/../../../../arm-none-eabi/lib/thumb/v7e-m+dp/hard\libc_nano.a(libc_a-mallocr.o)
 .text._malloc_r
                0x08004824      0x100 C:/ST/STM32CubeIDE_1.18.1/STM32CubeIDE/plugins/com.st.stm32cube.ide.mcu.externaltools.gnu-tools-for-stm32.13.3.rel1.win32_1.0.0.202411081344/tools/bin/../lib/gcc/arm-none-eabi/13.3.1/../../../../arm-none-eabi/lib/thumb/v7e-m+dp/hard\libc_nano.a(libc_a-mallocr.o)
                0x08004824                _malloc_r
 .text.__malloc_lock
                0x08004924        0xc C:/ST/STM32CubeIDE_1.18.1/STM32CubeIDE/plugins/com.st.stm32cube.ide.mcu.externaltools.gnu-tools-for-stm32.13.3.rel1.win32_1.0.0.202411081344/tools/bin/../lib/gcc/arm-none-eabi/13.3.1/../../../../arm-none-eabi/lib/thumb/v7e-m+dp/hard\libc_nano.a(libc_a-mlock.o)
                0x08004924                __malloc_lock
 .text.__malloc_unlock
                0x08004930        0xc C:/ST/STM32CubeIDE_1.18.1/STM32CubeIDE/plugins/com.st.stm32cube.ide.mcu.externaltools.gnu-tools-for-stm32.13.3.rel1.win32_1.0.0.202411081344/tools/bin/../lib/gcc/arm-none-eabi/13.3.1/../../../../arm-none-eabi/lib/thumb/v7e-m+dp/hard\libc_nano.a(libc_a-mlock.o)
                0x08004930                __malloc_unlock
 .text.__sflush_r
                0x0800493c      0x108 C:/ST/STM32CubeIDE_1.18.1/STM32CubeIDE/plugins/com.st.stm32cube.ide.mcu.externaltools.gnu-tools-for-stm32.13.3.rel1.win32_1.0.0.202411081344/tools/bin/../lib/gcc/arm-none-eabi/13.3.1/../../../../arm-none-eabi/lib/thumb/v7e-m+dp/hard\libc_nano.a(libc_a-fflush.o)
                0x0800493c                __sflush_r
 .text._fflush_r
                0x08004a44       0x50 C:/ST/STM32CubeIDE_1.18.1/STM32CubeIDE/plugins/com.st.stm32cube.ide.mcu.externaltools.gnu-tools-for-stm32.13.3.rel1.win32_1.0.0.202411081344/tools/bin/../lib/gcc/arm-none-eabi/13.3.1/../../../../arm-none-eabi/lib/thumb/v7e-m+dp/hard\libc_nano.a(libc_a-fflush.o)
                0x08004a44                _fflush_r
 .text.fprintf  0x08004a94       0x24 C:/ST/STM32CubeIDE_1.18.1/STM32CubeIDE/plugins/com.st.stm32cube.ide.mcu.externaltools.gnu-tools-for-stm32.13.3.rel1.win32_1.0.0.202411081344/tools/bin/../lib/gcc/arm-none-eabi/13.3.1/../../../../arm-none-eabi/lib/thumb/v7e-m+dp/hard\libc_nano.a(libc_a-fprintf.o)
                0x08004a94                fiprintf
                0x08004a94                fprintf
 .text._sbrk_r  0x08004ab8       0x20 C:/ST/STM32CubeIDE_1.18.1/STM32CubeIDE/plugins/com.st.stm32cube.ide.mcu.externaltools.gnu-tools-for-stm32.13.3.rel1.win32_1.0.0.202411081344/tools/bin/../lib/gcc/arm-none-eabi/13.3.1/../../../../arm-none-eabi/lib/thumb/v7e-m+dp/hard\libc_nano.a(libc_a-sbrkr.o)
                0x08004ab8                _sbrk_r
 .text.abort    0x08004ad8        0xe C:/ST/STM32CubeIDE_1.18.1/STM32CubeIDE/plugins/com.st.stm32cube.ide.mcu.externaltools.gnu-tools-for-stm32.13.3.rel1.win32_1.0.0.202411081344/tools/bin/../lib/gcc/arm-none-eabi/13.3.1/../../../../arm-none-eabi/lib/thumb/v7e-m+dp/hard\libc_nano.a(libc_a-abort.o)
                0x08004ad8                abort
 .text.__sfputc_r
                0x08004ae6       0x2e C:/ST/STM32CubeIDE_1.18.1/STM32CubeIDE/plugins/com.st.stm32cube.ide.mcu.externaltools.gnu-tools-for-stm32.13.3.rel1.win32_1.0.0.202411081344/tools/bin/../lib/gcc/arm-none-eabi/13.3.1/../../../../arm-none-eabi/lib/thumb/v7e-m+dp/hard\libc_nano.a(libc_a-nano-vfprintf.o)
 .text.__sfputs_r
                0x08004b14       0x24 C:/ST/STM32CubeIDE_1.18.1/STM32CubeIDE/plugins/com.st.stm32cube.ide.mcu.externaltools.gnu-tools-for-stm32.13.3.rel1.win32_1.0.0.202411081344/tools/bin/../lib/gcc/arm-none-eabi/13.3.1/../../../../arm-none-eabi/lib/thumb/v7e-m+dp/hard\libc_nano.a(libc_a-nano-vfprintf.o)
                0x08004b14                __sfputs_r
 .text._vfprintf_r
                0x08004b38      0x230 C:/ST/STM32CubeIDE_1.18.1/STM32CubeIDE/plugins/com.st.stm32cube.ide.mcu.externaltools.gnu-tools-for-stm32.13.3.rel1.win32_1.0.0.202411081344/tools/bin/../lib/gcc/arm-none-eabi/13.3.1/../../../../arm-none-eabi/lib/thumb/v7e-m+dp/hard\libc_nano.a(libc_a-nano-vfprintf.o)
                0x08004b38                _vfprintf_r
                0x08004b38                _vfiprintf_r
 .text._printf_common
                0x08004d68       0xda C:/ST/STM32CubeIDE_1.18.1/STM32CubeIDE/plugins/com.st.stm32cube.ide.mcu.externaltools.gnu-tools-for-stm32.13.3.rel1.win32_1.0.0.202411081344/tools/bin/../lib/gcc/arm-none-eabi/13.3.1/../../../../arm-none-eabi/lib/thumb/v7e-m+dp/hard\libc_nano.a(libc_a-nano-vfprintf_i.o)
                0x08004d68                _printf_common
 *fill*         0x08004e42        0x2 
 .text._printf_i
                0x08004e44      0x23c C:/ST/STM32CubeIDE_1.18.1/STM32CubeIDE/plugins/com.st.stm32cube.ide.mcu.externaltools.gnu-tools-for-stm32.13.3.rel1.win32_1.0.0.202411081344/tools/bin/../lib/gcc/arm-none-eabi/13.3.1/../../../../arm-none-eabi/lib/thumb/v7e-m+dp/hard\libc_nano.a(libc_a-nano-vfprintf_i.o)
                0x08004e44                _printf_i
 .text.__swbuf_r
                0x08005080       0x7c C:/ST/STM32CubeIDE_1.18.1/STM32CubeIDE/plugins/com.st.stm32cube.ide.mcu.externaltools.gnu-tools-for-stm32.13.3.rel1.win32_1.0.0.202411081344/tools/bin/../lib/gcc/arm-none-eabi/13.3.1/../../../../arm-none-eabi/lib/thumb/v7e-m+dp/hard\libc_nano.a(libc_a-wbuf.o)
                0x08005080                __swbuf_r
 .text.__swsetup_r
                0x080050fc       0xac C:/ST/STM32CubeIDE_1.18.1/STM32CubeIDE/plugins/com.st.stm32cube.ide.mcu.externaltools.gnu-tools-for-stm32.13.3.rel1.win32_1.0.0.202411081344/tools/bin/../lib/gcc/arm-none-eabi/13.3.1/../../../../arm-none-eabi/lib/thumb/v7e-m+dp/hard\libc_nano.a(libc_a-wsetup.o)
                0x080050fc                __swsetup_r
 .text._raise_r
                0x080051a8       0x50 C:/ST/STM32CubeIDE_1.18.1/STM32CubeIDE/plugins/com.st.stm32cube.ide.mcu.externaltools.gnu-tools-for-stm32.13.3.rel1.win32_1.0.0.202411081344/tools/bin/../lib/gcc/arm-none-eabi/13.3.1/../../../../arm-none-eabi/lib/thumb/v7e-m+dp/hard\libc_nano.a(libc_a-signal.o)
                0x080051a8                _raise_r
 .text.raise    0x080051f8       0x10 C:/ST/STM32CubeIDE_1.18.1/STM32CubeIDE/plugins/com.st.stm32cube.ide.mcu.externaltools.gnu-tools-for-stm32.13.3.rel1.win32_1.0.0.202411081344/tools/bin/../lib/gcc/arm-none-eabi/13.3.1/../../../../arm-none-eabi/lib/thumb/v7e-m+dp/hard\libc_nano.a(libc_a-signal.o)
                0x080051f8                raise
 .text._kill_r  0x08005208       0x24 C:/ST/STM32CubeIDE_1.18.1/STM32CubeIDE/plugins/com.st.stm32cube.ide.mcu.externaltools.gnu-tools-for-stm32.13.3.rel1.win32_1.0.0.202411081344/tools/bin/../lib/gcc/arm-none-eabi/13.3.1/../../../../arm-none-eabi/lib/thumb/v7e-m+dp/hard\libc_nano.a(libc_a-signalr.o)
                0x08005208                _kill_r
 .text._getpid_r
                0x0800522c        0x4 C:/ST/STM32CubeIDE_1.18.1/STM32CubeIDE/plugins/com.st.stm32cube.ide.mcu.externaltools.gnu-tools-for-stm32.13.3.rel1.win32_1.0.0.202411081344/tools/bin/../lib/gcc/arm-none-eabi/13.3.1/../../../../arm-none-eabi/lib/thumb/v7e-m+dp/hard\libc_nano.a(libc_a-signalr.o)
                0x0800522c                _getpid_r
 .text.__swhatbuf_r
                0x08005230       0x4c C:/ST/STM32CubeIDE_1.18.1/STM32CubeIDE/plugins/com.st.stm32cube.ide.mcu.externaltools.gnu-tools-for-stm32.13.3.rel1.win32_1.0.0.202411081344/tools/bin/../lib/gcc/arm-none-eabi/13.3.1/../../../../arm-none-eabi/lib/thumb/v7e-m+dp/hard\libc_nano.a(libc_a-makebuf.o)
                0x08005230                __swhatbuf_r
 .text.__smakebuf_r
                0x0800527c       0x78 C:/ST/STM32CubeIDE_1.18.1/STM32CubeIDE/plugins/com.st.stm32cube.ide.mcu.externaltools.gnu-tools-for-stm32.13.3.rel1.win32_1.0.0.202411081344/tools/bin/../lib/gcc/arm-none-eabi/13.3.1/../../../../arm-none-eabi/lib/thumb/v7e-m+dp/hard\libc_nano.a(libc_a-makebuf.o)
                0x0800527c                __smakebuf_r
 .text._fstat_r
                0x080052f4       0x24 C:/ST/STM32CubeIDE_1.18.1/STM32CubeIDE/plugins/com.st.stm32cube.ide.mcu.externaltools.gnu-tools-for-stm32.13.3.rel1.win32_1.0.0.202411081344/tools/bin/../lib/gcc/arm-none-eabi/13.3.1/../../../../arm-none-eabi/lib/thumb/v7e-m+dp/hard\libc_nano.a(libc_a-fstatr.o)
                0x080052f4                _fstat_r
 .text._isatty_r
                0x08005318       0x20 C:/ST/STM32CubeIDE_1.18.1/STM32CubeIDE/plugins/com.st.stm32cube.ide.mcu.externaltools.gnu-tools-for-stm32.13.3.rel1.win32_1.0.0.202411081344/tools/bin/../lib/gcc/arm-none-eabi/13.3.1/../../../../arm-none-eabi/lib/thumb/v7e-m+dp/hard\libc_nano.a(libc_a-isattyr.o)
                0x08005318                _isatty_r
 .text.sinf_poly
                0x08005338       0x54 C:/ST/STM32CubeIDE_1.18.1/STM32CubeIDE/plugins/com.st.stm32cube.ide.mcu.externaltools.gnu-tools-for-stm32.13.3.rel1.win32_1.0.0.202411081344/tools/bin/../lib/gcc/arm-none-eabi/13.3.1/../../../../arm-none-eabi/lib/thumb/v7e-m+dp/hard\libm.a(libm_a-sinf.o)
 *fill*         0x0800538c        0x4 
 .text.sinf     0x08005390      0x130 C:/ST/STM32CubeIDE_1.18.1/STM32CubeIDE/plugins/com.st.stm32cube.ide.mcu.externaltools.gnu-tools-for-stm32.13.3.rel1.win32_1.0.0.202411081344/tools/bin/../lib/gcc/arm-none-eabi/13.3.1/../../../../arm-none-eabi/lib/thumb/v7e-m+dp/hard\libm.a(libm_a-sinf.o)
                0x08005390                sinf
 .text.sinf_poly
                0x080054c0       0x54 C:/ST/STM32CubeIDE_1.18.1/STM32CubeIDE/plugins/com.st.stm32cube.ide.mcu.externaltools.gnu-tools-for-stm32.13.3.rel1.win32_1.0.0.202411081344/tools/bin/../lib/gcc/arm-none-eabi/13.3.1/../../../../arm-none-eabi/lib/thumb/v7e-m+dp/hard\libm.a(libm_a-cosf.o)
 *fill*         0x08005514        0x4 
 .text.cosf     0x08005518      0x140 C:/ST/STM32CubeIDE_1.18.1/STM32CubeIDE/plugins/com.st.stm32cube.ide.mcu.externaltools.gnu-tools-for-stm32.13.3.rel1.win32_1.0.0.202411081344/tools/bin/../lib/gcc/arm-none-eabi/13.3.1/../../../../arm-none-eabi/lib/thumb/v7e-m+dp/hard\libm.a(libm_a-cosf.o)
                0x08005518                cosf
 .text.with_errnof
                0x08005658       0x1c C:/ST/STM32CubeIDE_1.18.1/STM32CubeIDE/plugins/com.st.stm32cube.ide.mcu.externaltools.gnu-tools-for-stm32.13.3.rel1.win32_1.0.0.202411081344/tools/bin/../lib/gcc/arm-none-eabi/13.3.1/../../../../arm-none-eabi/lib/thumb/v7e-m+dp/hard\libm.a(libm_a-math_errf.o)
 .text.__math_invalidf
                0x08005674       0x1e C:/ST/STM32CubeIDE_1.18.1/STM32CubeIDE/plugins/com.st.stm32cube.ide.mcu.externaltools.gnu-tools-for-stm32.13.3.rel1.win32_1.0.0.202411081344/tools/bin/../lib/gcc/arm-none-eabi/13.3.1/../../../../arm-none-eabi/lib/thumb/v7e-m+dp/hard\libm.a(libm_a-math_errf.o)
                0x08005674                __math_invalidf
 *(.glue_7)
 .glue_7        0x08005692        0x0 linker stubs
 *(.glue_7t)
 .glue_7t       0x08005692        0x0 linker stubs
 *(.eh_frame)
 *fill*         0x08005692        0x2 
 .eh_frame      0x08005694        0x0 C:/ST/STM32CubeIDE_1.18.1/STM32CubeIDE/plugins/com.st.stm32cube.ide.mcu.externaltools.gnu-tools-for-stm32.13.3.rel1.win32_1.0.0.202411081344/tools/bin/../lib/gcc/arm-none-eabi/13.3.1/thumb/v7e-m+dp/hard/crtbegin.o
 *(.init)
 .init          0x08005694        0x4 C:/ST/STM32CubeIDE_1.18.1/STM32CubeIDE/plugins/com.st.stm32cube.ide.mcu.externaltools.gnu-tools-for-stm32.13.3.rel1.win32_1.0.0.202411081344/tools/bin/../lib/gcc/arm-none-eabi/13.3.1/thumb/v7e-m+dp/hard/crti.o
                0x08005694                _init
 .init          0x08005698        0x8 C:/ST/STM32CubeIDE_1.18.1/STM32CubeIDE/plugins/com.st.stm32cube.ide.mcu.externaltools.gnu-tools-for-stm32.13.3.rel1.win32_1.0.0.202411081344/tools/bin/../lib/gcc/arm-none-eabi/13.3.1/thumb/v7e-m+dp/hard/crtn.o
 *(.fini)
 .fini          0x080056a0        0x4 C:/ST/STM32CubeIDE_1.18.1/STM32CubeIDE/plugins/com.st.stm32cube.ide.mcu.externaltools.gnu-tools-for-stm32.13.3.rel1.win32_1.0.0.202411081344/tools/bin/../lib/gcc/arm-none-eabi/13.3.1/thumb/v7e-m+dp/hard/crti.o
                0x080056a0                _fini
 .fini          0x080056a4        0x8 C:/ST/STM32CubeIDE_1.18.1/STM32CubeIDE/plugins/com.st.stm32cube.ide.mcu.externaltools.gnu-tools-for-stm32.13.3.rel1.win32_1.0.0.202411081344/tools/bin/../lib/gcc/arm-none-eabi/13.3.1/thumb/v7e-m+dp/hard/crtn.o
                0x080056ac                        . = ALIGN (0x4)
                0x080056ac                        _etext = .

.vfp11_veneer   0x080056ac        0x0
 .vfp11_veneer  0x080056ac        0x0 linker stubs

.v4_bx          0x080056ac        0x0
 .v4_bx         0x080056ac        0x0 linker stubs

.iplt           0x080056ac        0x0
 .iplt          0x080056ac        0x0 C:/ST/STM32CubeIDE_1.18.1/STM32CubeIDE/plugins/com.st.stm32cube.ide.mcu.externaltools.gnu-tools-for-stm32.13.3.rel1.win32_1.0.0.202411081344/tools/bin/../lib/gcc/arm-none-eabi/13.3.1/thumb/v7e-m+dp/hard/crtbegin.o

.rodata         0x080056b0      0x240
                0x080056b0                        . = ALIGN (0x4)
 *(.rodata)
 .rodata        0x080056b0       0x10 ./Core/Src/main.o
 *(.rodata*)
 .rodata.D1CorePrescTable
                0x080056c0       0x10 ./Core/Src/system_stm32h7xx.o
                0x080056c0                D1CorePrescTable
 .rodata.srand.str1.1
                0x080056d0       0xde C:/ST/STM32CubeIDE_1.18.1/STM32CubeIDE/plugins/com.st.stm32cube.ide.mcu.externaltools.gnu-tools-for-stm32.13.3.rel1.win32_1.0.0.202411081344/tools/bin/../lib/gcc/arm-none-eabi/13.3.1/../../../../arm-none-eabi/lib/thumb/v7e-m+dp/hard\libc_nano.a(libc_a-rand.o)
                                 0x6f (size before relaxing)
 .rodata.__assert_func.str1.1
                0x080057ae       0x3d C:/ST/STM32CubeIDE_1.18.1/STM32CubeIDE/plugins/com.st.stm32cube.ide.mcu.externaltools.gnu-tools-for-stm32.13.3.rel1.win32_1.0.0.202411081344/tools/bin/../lib/gcc/arm-none-eabi/13.3.1/../../../../arm-none-eabi/lib/thumb/v7e-m+dp/hard\libc_nano.a(libc_a-assert.o)
 .rodata._vfprintf_r.str1.1
                0x080057ae       0x11 C:/ST/STM32CubeIDE_1.18.1/STM32CubeIDE/plugins/com.st.stm32cube.ide.mcu.externaltools.gnu-tools-for-stm32.13.3.rel1.win32_1.0.0.202411081344/tools/bin/../lib/gcc/arm-none-eabi/13.3.1/../../../../arm-none-eabi/lib/thumb/v7e-m+dp/hard\libc_nano.a(libc_a-nano-vfprintf.o)
 .rodata._printf_i.str1.1
                0x080057ae       0x22 C:/ST/STM32CubeIDE_1.18.1/STM32CubeIDE/plugins/com.st.stm32cube.ide.mcu.externaltools.gnu-tools-for-stm32.13.3.rel1.win32_1.0.0.202411081344/tools/bin/../lib/gcc/arm-none-eabi/13.3.1/../../../../arm-none-eabi/lib/thumb/v7e-m+dp/hard\libc_nano.a(libc_a-nano-vfprintf_i.o)
 *fill*         0x080057ae        0x2 
 .rodata.__inv_pio4
                0x080057b0       0x60 C:/ST/STM32CubeIDE_1.18.1/STM32CubeIDE/plugins/com.st.stm32cube.ide.mcu.externaltools.gnu-tools-for-stm32.13.3.rel1.win32_1.0.0.202411081344/tools/bin/../lib/gcc/arm-none-eabi/13.3.1/../../../../arm-none-eabi/lib/thumb/v7e-m+dp/hard\libm.a(libm_a-sincosf_data.o)
                0x080057b0                __inv_pio4
 .rodata.__sincosf_table
                0x08005810       0xe0 C:/ST/STM32CubeIDE_1.18.1/STM32CubeIDE/plugins/com.st.stm32cube.ide.mcu.externaltools.gnu-tools-for-stm32.13.3.rel1.win32_1.0.0.202411081344/tools/bin/../lib/gcc/arm-none-eabi/13.3.1/../../../../arm-none-eabi/lib/thumb/v7e-m+dp/hard\libm.a(libm_a-sincosf_data.o)
                0x08005810                __sincosf_table
                0x080058f0                        . = ALIGN (0x4)

.ARM.extab
 *(.ARM.extab* .gnu.linkonce.armextab.*)

.ARM            0x080058f0        0x8
                0x080058f0                        __exidx_start = .
 *(.ARM.exidx*)
 .ARM.exidx     0x080058f0        0x8 C:/ST/STM32CubeIDE_1.18.1/STM32CubeIDE/plugins/com.st.stm32cube.ide.mcu.externaltools.gnu-tools-for-stm32.13.3.rel1.win32_1.0.0.202411081344/tools/bin/../lib/gcc/arm-none-eabi/13.3.1/../../../../arm-none-eabi/lib/thumb/v7e-m+dp/hard\libc_nano.a(libc_a-memchr.o)
                0x080058f8                        __exidx_end = .

.preinit_array  0x080058f8        0x0
                0x080058f8                        PROVIDE (__preinit_array_start = .)
 *(.preinit_array*)
                0x080058f8                        PROVIDE (__preinit_array_end = .)

.init_array     0x080058f8        0x4
                0x080058f8                        PROVIDE (__init_array_start = .)
 *(SORT_BY_NAME(.init_array.*))
 *(.init_array*)
 .init_array    0x080058f8        0x4 C:/ST/STM32CubeIDE_1.18.1/STM32CubeIDE/plugins/com.st.stm32cube.ide.mcu.externaltools.gnu-tools-for-stm32.13.3.rel1.win32_1.0.0.202411081344/tools/bin/../lib/gcc/arm-none-eabi/13.3.1/thumb/v7e-m+dp/hard/crtbegin.o
                0x080058fc                        PROVIDE (__init_array_end = .)

.fini_array     0x080058fc        0x4
                [!provide]                        PROVIDE (__fini_array_start = .)
 *(SORT_BY_NAME(.fini_array.*))
 *(.fini_array*)
 .fini_array    0x080058fc        0x4 C:/ST/STM32CubeIDE_1.18.1/STM32CubeIDE/plugins/com.st.stm32cube.ide.mcu.externaltools.gnu-tools-for-stm32.13.3.rel1.win32_1.0.0.202411081344/tools/bin/../lib/gcc/arm-none-eabi/13.3.1/thumb/v7e-m+dp/hard/crtbegin.o
                [!provide]                        PROVIDE (__fini_array_end = .)
                0x08005900                        _sidata = LOADADDR (.data)

.rel.dyn        0x08005900        0x0
 .rel.iplt      0x08005900        0x0 C:/ST/STM32CubeIDE_1.18.1/STM32CubeIDE/plugins/com.st.stm32cube.ide.mcu.externaltools.gnu-tools-for-stm32.13.3.rel1.win32_1.0.0.202411081344/tools/bin/../lib/gcc/arm-none-eabi/13.3.1/thumb/v7e-m+dp/hard/crtbegin.o

.data           0x24000000       0x7c load address 0x08005900
                0x24000000                        . = ALIGN (0x4)
                0x24000000                        _sdata = .
 *(.data)
 *(.data*)
 .data.thetap   0x24000000        0x4 ./Core/Src/main.o
                0x24000000                thetap
 .data.x_buffer
                0x24000004        0x8 ./Core/Src/main.o
                0x24000004                x_buffer
 .data.dim_z    0x2400000c        0x2 ./Core/Src/main.o
                0x2400000c                dim_z
 .data.dim_x    0x2400000e        0x2 ./Core/Src/main.o
                0x2400000e                dim_x
 .data.SystemCoreClock
                0x24000010        0x4 ./Core/Src/system_stm32h7xx.o
                0x24000010                SystemCoreClock
 .data.SystemD2Clock
                0x24000014        0x4 ./Core/Src/system_stm32h7xx.o
                0x24000014                SystemD2Clock
 .data.uwTickPrio
                0x24000018        0x4 ./Drivers/STM32H7xx_HAL_Driver/Src/stm32h7xx_hal.o
                0x24000018                uwTickPrio
 .data.uwTickFreq
                0x2400001c        0x1 ./Drivers/STM32H7xx_HAL_Driver/Src/stm32h7xx_hal.o
                0x2400001c                uwTickFreq
 *fill*         0x2400001d        0x3 
 .data.__sglue  0x24000020        0xc C:/ST/STM32CubeIDE_1.18.1/STM32CubeIDE/plugins/com.st.stm32cube.ide.mcu.externaltools.gnu-tools-for-stm32.13.3.rel1.win32_1.0.0.202411081344/tools/bin/../lib/gcc/arm-none-eabi/13.3.1/../../../../arm-none-eabi/lib/thumb/v7e-m+dp/hard\libc_nano.a(libc_a-findfp.o)
                0x24000020                __sglue
 .data._impure_ptr
                0x2400002c        0x4 C:/ST/STM32CubeIDE_1.18.1/STM32CubeIDE/plugins/com.st.stm32cube.ide.mcu.externaltools.gnu-tools-for-stm32.13.3.rel1.win32_1.0.0.202411081344/tools/bin/../lib/gcc/arm-none-eabi/13.3.1/../../../../arm-none-eabi/lib/thumb/v7e-m+dp/hard\libc_nano.a(libc_a-impure.o)
                0x2400002c                _impure_ptr
 .data._impure_data
                0x24000030       0x4c C:/ST/STM32CubeIDE_1.18.1/STM32CubeIDE/plugins/com.st.stm32cube.ide.mcu.externaltools.gnu-tools-for-stm32.13.3.rel1.win32_1.0.0.202411081344/tools/bin/../lib/gcc/arm-none-eabi/13.3.1/../../../../arm-none-eabi/lib/thumb/v7e-m+dp/hard\libc_nano.a(libc_a-impure.o)
                0x24000030                _impure_data
 *(.RamFunc)
 *(.RamFunc*)
                0x2400007c                        . = ALIGN (0x4)
                0x2400007c                        _edata = .

.igot.plt       0x2400007c        0x0 load address 0x0800597c
 .igot.plt      0x2400007c        0x0 C:/ST/STM32CubeIDE_1.18.1/STM32CubeIDE/plugins/com.st.stm32cube.ide.mcu.externaltools.gnu-tools-for-stm32.13.3.rel1.win32_1.0.0.202411081344/tools/bin/../lib/gcc/arm-none-eabi/13.3.1/thumb/v7e-m+dp/hard/crtbegin.o
                0x2400007c                        . = ALIGN (0x4)

.bss            0x2400007c      0x208 load address 0x0800597c
                0x2400007c                        _sbss = .
                0x2400007c                        __bss_start__ = _sbss
 *(.bss)
 .bss           0x2400007c       0x1c C:/ST/STM32CubeIDE_1.18.1/STM32CubeIDE/plugins/com.st.stm32cube.ide.mcu.externaltools.gnu-tools-for-stm32.13.3.rel1.win32_1.0.0.202411081344/tools/bin/../lib/gcc/arm-none-eabi/13.3.1/thumb/v7e-m+dp/hard/crtbegin.o
 *(.bss*)
 .bss.X_data_updated_probe
                0x24000098        0x4 ./Core/Src/Extended-KF.o
                0x24000098                X_data_updated_probe
 .bss.X_data_predicted_probe
                0x2400009c        0x4 ./Core/Src/Extended-KF.o
                0x2400009c                X_data_predicted_probe
 .bss.htim2     0x240000a0       0x4c ./Core/Src/main.o
                0x240000a0                htim2
 .bss.theta_dotp
                0x240000ec        0x4 ./Core/Src/main.o
                0x240000ec                theta_dotp
 .bss.u_data    0x240000f0        0x4 ./Core/Src/main.o
                0x240000f0                u_data
 .bss.u         0x240000f4        0x8 ./Core/Src/main.o
                0x240000f4                u
 .bss.R_buffer  0x240000fc        0x4 ./Core/Src/main.o
                0x240000fc                R_buffer
 .bss.Fx_buffer
                0x24000100       0x10 ./Core/Src/main.o
                0x24000100                Fx_buffer
 .bss.Hx_buffer
                0x24000110        0x8 ./Core/Src/main.o
                0x24000110                Hx_buffer
 .bss.K_buffer  0x24000118        0x8 ./Core/Src/main.o
                0x24000118                K_buffer
 .bss.z_data    0x24000120        0x4 ./Core/Src/main.o
                0x24000120                z_data
 .bss.z         0x24000124        0x8 ./Core/Src/main.o
                0x24000124                z
 .bss.ekf       0x2400012c        0x4 ./Core/Src/main.o
                0x2400012c                ekf
 .bss.__sbrk_heap_end
                0x24000130        0x4 ./Core/Src/sysmem.o
 .bss.uwTick    0x24000134        0x4 ./Drivers/STM32H7xx_HAL_Driver/Src/stm32h7xx_hal.o
                0x24000134                uwTick
 .bss.__sf      0x24000138      0x138 C:/ST/STM32CubeIDE_1.18.1/STM32CubeIDE/plugins/com.st.stm32cube.ide.mcu.externaltools.gnu-tools-for-stm32.13.3.rel1.win32_1.0.0.202411081344/tools/bin/../lib/gcc/arm-none-eabi/13.3.1/../../../../arm-none-eabi/lib/thumb/v7e-m+dp/hard\libc_nano.a(libc_a-findfp.o)
                0x24000138                __sf
 .bss.__stdio_exit_handler
                0x24000270        0x4 C:/ST/STM32CubeIDE_1.18.1/STM32CubeIDE/plugins/com.st.stm32cube.ide.mcu.externaltools.gnu-tools-for-stm32.13.3.rel1.win32_1.0.0.202411081344/tools/bin/../lib/gcc/arm-none-eabi/13.3.1/../../../../arm-none-eabi/lib/thumb/v7e-m+dp/hard\libc_nano.a(libc_a-findfp.o)
                0x24000270                __stdio_exit_handler
 .bss.errno     0x24000274        0x4 C:/ST/STM32CubeIDE_1.18.1/STM32CubeIDE/plugins/com.st.stm32cube.ide.mcu.externaltools.gnu-tools-for-stm32.13.3.rel1.win32_1.0.0.202411081344/tools/bin/../lib/gcc/arm-none-eabi/13.3.1/../../../../arm-none-eabi/lib/thumb/v7e-m+dp/hard\libc_nano.a(libc_a-reent.o)
                0x24000274                errno
 .bss.__lock___malloc_recursive_mutex
                0x24000278        0x1 C:/ST/STM32CubeIDE_1.18.1/STM32CubeIDE/plugins/com.st.stm32cube.ide.mcu.externaltools.gnu-tools-for-stm32.13.3.rel1.win32_1.0.0.202411081344/tools/bin/../lib/gcc/arm-none-eabi/13.3.1/../../../../arm-none-eabi/lib/thumb/v7e-m+dp/hard\libc_nano.a(libc_a-lock.o)
                0x24000278                __lock___malloc_recursive_mutex
 .bss.__lock___sfp_recursive_mutex
                0x24000279        0x1 C:/ST/STM32CubeIDE_1.18.1/STM32CubeIDE/plugins/com.st.stm32cube.ide.mcu.externaltools.gnu-tools-for-stm32.13.3.rel1.win32_1.0.0.202411081344/tools/bin/../lib/gcc/arm-none-eabi/13.3.1/../../../../arm-none-eabi/lib/thumb/v7e-m+dp/hard\libc_nano.a(libc_a-lock.o)
                0x24000279                __lock___sfp_recursive_mutex
 *fill*         0x2400027a        0x2 
 .bss.__malloc_sbrk_start
                0x2400027c        0x4 C:/ST/STM32CubeIDE_1.18.1/STM32CubeIDE/plugins/com.st.stm32cube.ide.mcu.externaltools.gnu-tools-for-stm32.13.3.rel1.win32_1.0.0.202411081344/tools/bin/../lib/gcc/arm-none-eabi/13.3.1/../../../../arm-none-eabi/lib/thumb/v7e-m+dp/hard\libc_nano.a(libc_a-mallocr.o)
                0x2400027c                __malloc_sbrk_start
 .bss.__malloc_free_list
                0x24000280        0x4 C:/ST/STM32CubeIDE_1.18.1/STM32CubeIDE/plugins/com.st.stm32cube.ide.mcu.externaltools.gnu-tools-for-stm32.13.3.rel1.win32_1.0.0.202411081344/tools/bin/../lib/gcc/arm-none-eabi/13.3.1/../../../../arm-none-eabi/lib/thumb/v7e-m+dp/hard\libc_nano.a(libc_a-mallocr.o)
                0x24000280                __malloc_free_list
 *(COMMON)
                0x24000284                        . = ALIGN (0x4)
                0x24000284                        _ebss = .
                0x24000284                        __bss_end__ = _ebss

._user_heap_stack
                0x24000284      0x604 load address 0x0800597c
                0x24000288                        . = ALIGN (0x8)
 *fill*         0x24000284        0x4 
                [!provide]                        PROVIDE (end = .)
                0x24000288                        PROVIDE (_end = .)
                0x24000488                        . = (. + _Min_Heap_Size)
 *fill*         0x24000288      0x200 
                0x24000888                        . = (. + _Min_Stack_Size)
 *fill*         0x24000488      0x400 
                0x24000888                        . = ALIGN (0x8)

/DISCARD/
 libc.a(*)
 libm.a(*)
 libgcc.a(*)

.ARM.attributes
                0x00000000       0x2e
 *(.ARM.attributes)
 .ARM.attributes
                0x00000000       0x20 C:/ST/STM32CubeIDE_1.18.1/STM32CubeIDE/plugins/com.st.stm32cube.ide.mcu.externaltools.gnu-tools-for-stm32.13.3.rel1.win32_1.0.0.202411081344/tools/bin/../lib/gcc/arm-none-eabi/13.3.1/thumb/v7e-m+dp/hard/crti.o
 .ARM.attributes
                0x00000020       0x32 C:/ST/STM32CubeIDE_1.18.1/STM32CubeIDE/plugins/com.st.stm32cube.ide.mcu.externaltools.gnu-tools-for-stm32.13.3.rel1.win32_1.0.0.202411081344/tools/bin/../lib/gcc/arm-none-eabi/13.3.1/thumb/v7e-m+dp/hard/crtbegin.o
 .ARM.attributes
                0x00000052       0x32 ./Core/Src/Extended-KF.o
 .ARM.attributes
                0x00000084       0x32 ./Core/Src/Pendulum.o
 .ARM.attributes
                0x000000b6       0x32 ./Core/Src/main.o
 .ARM.attributes
                0x000000e8       0x32 ./Core/Src/stm32h7xx_hal_msp.o
 .ARM.attributes
                0x0000011a       0x32 ./Core/Src/stm32h7xx_it.o
 .ARM.attributes
                0x0000014c       0x32 ./Core/Src/syscalls.o
 .ARM.attributes
                0x0000017e       0x32 ./Core/Src/sysmem.o
 .ARM.attributes
                0x000001b0       0x32 ./Core/Src/system_stm32h7xx.o
 .ARM.attributes
                0x000001e2       0x21 ./Core/Startup/startup_stm32h723zgtx.o
 .ARM.attributes
                0x00000203       0x32 ./Drivers/STM32H7xx_HAL_Driver/Src/stm32h7xx_hal.o
 .ARM.attributes
                0x00000235       0x32 ./Drivers/STM32H7xx_HAL_Driver/Src/stm32h7xx_hal_cortex.o
 .ARM.attributes
                0x00000267       0x32 ./Drivers/STM32H7xx_HAL_Driver/Src/stm32h7xx_hal_gpio.o
 .ARM.attributes
                0x00000299       0x32 ./Drivers/STM32H7xx_HAL_Driver/Src/stm32h7xx_hal_pwr_ex.o
 .ARM.attributes
                0x000002cb       0x32 ./Drivers/STM32H7xx_HAL_Driver/Src/stm32h7xx_hal_rcc.o
 .ARM.attributes
                0x000002fd       0x32 ./Drivers/STM32H7xx_HAL_Driver/Src/stm32h7xx_hal_tim.o
 .ARM.attributes
                0x0000032f       0x32 ./Drivers/STM32H7xx_HAL_Driver/Src/stm32h7xx_hal_tim_ex.o
 .ARM.attributes
                0x00000361       0x39 C:\Users\yassine jelassi\STM32CubeIDE\Shanon_H7\Extended-kalman-filter\lib\libarm_cortexM7lfsp_math.a(arm_mat_trans_f32.o)
 .ARM.attributes
                0x0000039a       0x39 C:\Users\yassine jelassi\STM32CubeIDE\Shanon_H7\Extended-kalman-filter\lib\libarm_cortexM7lfsp_math.a(arm_mat_sub_f32.o)
 .ARM.attributes
                0x000003d3       0x39 C:\Users\yassine jelassi\STM32CubeIDE\Shanon_H7\Extended-kalman-filter\lib\libarm_cortexM7lfsp_math.a(arm_mat_mult_f32.o)
 .ARM.attributes
                0x0000040c       0x39 C:\Users\yassine jelassi\STM32CubeIDE\Shanon_H7\Extended-kalman-filter\lib\libarm_cortexM7lfsp_math.a(arm_mat_inverse_f32.o)
 .ARM.attributes
                0x00000445       0x39 C:\Users\yassine jelassi\STM32CubeIDE\Shanon_H7\Extended-kalman-filter\lib\libarm_cortexM7lfsp_math.a(arm_mat_init_f32.o)
 .ARM.attributes
                0x0000047e       0x39 C:\Users\yassine jelassi\STM32CubeIDE\Shanon_H7\Extended-kalman-filter\lib\libarm_cortexM7lfsp_math.a(arm_mat_add_f32.o)
 .ARM.attributes
                0x000004b7       0x32 C:/ST/STM32CubeIDE_1.18.1/STM32CubeIDE/plugins/com.st.stm32cube.ide.mcu.externaltools.gnu-tools-for-stm32.13.3.rel1.win32_1.0.0.202411081344/tools/bin/../lib/gcc/arm-none-eabi/13.3.1/../../../../arm-none-eabi/lib/thumb/v7e-m+dp/hard\libc_nano.a(libc_a-rand.o)
 .ARM.attributes
                0x000004e9       0x32 C:/ST/STM32CubeIDE_1.18.1/STM32CubeIDE/plugins/com.st.stm32cube.ide.mcu.externaltools.gnu-tools-for-stm32.13.3.rel1.win32_1.0.0.202411081344/tools/bin/../lib/gcc/arm-none-eabi/13.3.1/../../../../arm-none-eabi/lib/thumb/v7e-m+dp/hard\libc_nano.a(libc_a-findfp.o)
 .ARM.attributes
                0x0000051b       0x32 C:/ST/STM32CubeIDE_1.18.1/STM32CubeIDE/plugins/com.st.stm32cube.ide.mcu.externaltools.gnu-tools-for-stm32.13.3.rel1.win32_1.0.0.202411081344/tools/bin/../lib/gcc/arm-none-eabi/13.3.1/../../../../arm-none-eabi/lib/thumb/v7e-m+dp/hard\libc_nano.a(libc_a-fwalk.o)
 .ARM.attributes
                0x0000054d       0x32 C:/ST/STM32CubeIDE_1.18.1/STM32CubeIDE/plugins/com.st.stm32cube.ide.mcu.externaltools.gnu-tools-for-stm32.13.3.rel1.win32_1.0.0.202411081344/tools/bin/../lib/gcc/arm-none-eabi/13.3.1/../../../../arm-none-eabi/lib/thumb/v7e-m+dp/hard\libc_nano.a(libc_a-stdio.o)
 .ARM.attributes
                0x0000057f       0x32 C:/ST/STM32CubeIDE_1.18.1/STM32CubeIDE/plugins/com.st.stm32cube.ide.mcu.externaltools.gnu-tools-for-stm32.13.3.rel1.win32_1.0.0.202411081344/tools/bin/../lib/gcc/arm-none-eabi/13.3.1/../../../../arm-none-eabi/lib/thumb/v7e-m+dp/hard\libc_nano.a(libc_a-memset.o)
 .ARM.attributes
                0x000005b1       0x32 C:/ST/STM32CubeIDE_1.18.1/STM32CubeIDE/plugins/com.st.stm32cube.ide.mcu.externaltools.gnu-tools-for-stm32.13.3.rel1.win32_1.0.0.202411081344/tools/bin/../lib/gcc/arm-none-eabi/13.3.1/../../../../arm-none-eabi/lib/thumb/v7e-m+dp/hard\libc_nano.a(libc_a-closer.o)
 .ARM.attributes
                0x000005e3       0x32 C:/ST/STM32CubeIDE_1.18.1/STM32CubeIDE/plugins/com.st.stm32cube.ide.mcu.externaltools.gnu-tools-for-stm32.13.3.rel1.win32_1.0.0.202411081344/tools/bin/../lib/gcc/arm-none-eabi/13.3.1/../../../../arm-none-eabi/lib/thumb/v7e-m+dp/hard\libc_nano.a(libc_a-reent.o)
 .ARM.attributes
                0x00000615       0x32 C:/ST/STM32CubeIDE_1.18.1/STM32CubeIDE/plugins/com.st.stm32cube.ide.mcu.externaltools.gnu-tools-for-stm32.13.3.rel1.win32_1.0.0.202411081344/tools/bin/../lib/gcc/arm-none-eabi/13.3.1/../../../../arm-none-eabi/lib/thumb/v7e-m+dp/hard\libc_nano.a(libc_a-impure.o)
 .ARM.attributes
                0x00000647       0x32 C:/ST/STM32CubeIDE_1.18.1/STM32CubeIDE/plugins/com.st.stm32cube.ide.mcu.externaltools.gnu-tools-for-stm32.13.3.rel1.win32_1.0.0.202411081344/tools/bin/../lib/gcc/arm-none-eabi/13.3.1/../../../../arm-none-eabi/lib/thumb/v7e-m+dp/hard\libc_nano.a(libc_a-lseekr.o)
 .ARM.attributes
                0x00000679       0x32 C:/ST/STM32CubeIDE_1.18.1/STM32CubeIDE/plugins/com.st.stm32cube.ide.mcu.externaltools.gnu-tools-for-stm32.13.3.rel1.win32_1.0.0.202411081344/tools/bin/../lib/gcc/arm-none-eabi/13.3.1/../../../../arm-none-eabi/lib/thumb/v7e-m+dp/hard\libc_nano.a(libc_a-readr.o)
 .ARM.attributes
                0x000006ab       0x32 C:/ST/STM32CubeIDE_1.18.1/STM32CubeIDE/plugins/com.st.stm32cube.ide.mcu.externaltools.gnu-tools-for-stm32.13.3.rel1.win32_1.0.0.202411081344/tools/bin/../lib/gcc/arm-none-eabi/13.3.1/../../../../arm-none-eabi/lib/thumb/v7e-m+dp/hard\libc_nano.a(libc_a-writer.o)
 .ARM.attributes
                0x000006dd       0x32 C:/ST/STM32CubeIDE_1.18.1/STM32CubeIDE/plugins/com.st.stm32cube.ide.mcu.externaltools.gnu-tools-for-stm32.13.3.rel1.win32_1.0.0.202411081344/tools/bin/../lib/gcc/arm-none-eabi/13.3.1/../../../../arm-none-eabi/lib/thumb/v7e-m+dp/hard\libc_nano.a(libc_a-errno.o)
 .ARM.attributes
                0x0000070f       0x32 C:/ST/STM32CubeIDE_1.18.1/STM32CubeIDE/plugins/com.st.stm32cube.ide.mcu.externaltools.gnu-tools-for-stm32.13.3.rel1.win32_1.0.0.202411081344/tools/bin/../lib/gcc/arm-none-eabi/13.3.1/../../../../arm-none-eabi/lib/thumb/v7e-m+dp/hard\libc_nano.a(libc_a-init.o)
 .ARM.attributes
                0x00000741       0x32 C:/ST/STM32CubeIDE_1.18.1/STM32CubeIDE/plugins/com.st.stm32cube.ide.mcu.externaltools.gnu-tools-for-stm32.13.3.rel1.win32_1.0.0.202411081344/tools/bin/../lib/gcc/arm-none-eabi/13.3.1/../../../../arm-none-eabi/lib/thumb/v7e-m+dp/hard\libc_nano.a(libc_a-lock.o)
 .ARM.attributes
                0x00000773       0x32 C:/ST/STM32CubeIDE_1.18.1/STM32CubeIDE/plugins/com.st.stm32cube.ide.mcu.externaltools.gnu-tools-for-stm32.13.3.rel1.win32_1.0.0.202411081344/tools/bin/../lib/gcc/arm-none-eabi/13.3.1/../../../../arm-none-eabi/lib/thumb/v7e-m+dp/hard\libc_nano.a(libc_a-memcpy-stub.o)
 .ARM.attributes
                0x000007a5       0x32 C:/ST/STM32CubeIDE_1.18.1/STM32CubeIDE/plugins/com.st.stm32cube.ide.mcu.externaltools.gnu-tools-for-stm32.13.3.rel1.win32_1.0.0.202411081344/tools/bin/../lib/gcc/arm-none-eabi/13.3.1/../../../../arm-none-eabi/lib/thumb/v7e-m+dp/hard\libc_nano.a(libc_a-assert.o)
 .ARM.attributes
                0x000007d7       0x32 C:/ST/STM32CubeIDE_1.18.1/STM32CubeIDE/plugins/com.st.stm32cube.ide.mcu.externaltools.gnu-tools-for-stm32.13.3.rel1.win32_1.0.0.202411081344/tools/bin/../lib/gcc/arm-none-eabi/13.3.1/../../../../arm-none-eabi/lib/thumb/v7e-m+dp/hard\libc_nano.a(libc_a-freer.o)
 .ARM.attributes
                0x00000809       0x32 C:/ST/STM32CubeIDE_1.18.1/STM32CubeIDE/plugins/com.st.stm32cube.ide.mcu.externaltools.gnu-tools-for-stm32.13.3.rel1.win32_1.0.0.202411081344/tools/bin/../lib/gcc/arm-none-eabi/13.3.1/../../../../arm-none-eabi/lib/thumb/v7e-m+dp/hard\libc_nano.a(libc_a-malloc.o)
 .ARM.attributes
                0x0000083b       0x32 C:/ST/STM32CubeIDE_1.18.1/STM32CubeIDE/plugins/com.st.stm32cube.ide.mcu.externaltools.gnu-tools-for-stm32.13.3.rel1.win32_1.0.0.202411081344/tools/bin/../lib/gcc/arm-none-eabi/13.3.1/../../../../arm-none-eabi/lib/thumb/v7e-m+dp/hard\libc_nano.a(libc_a-mallocr.o)
 .ARM.attributes
                0x0000086d       0x32 C:/ST/STM32CubeIDE_1.18.1/STM32CubeIDE/plugins/com.st.stm32cube.ide.mcu.externaltools.gnu-tools-for-stm32.13.3.rel1.win32_1.0.0.202411081344/tools/bin/../lib/gcc/arm-none-eabi/13.3.1/../../../../arm-none-eabi/lib/thumb/v7e-m+dp/hard\libc_nano.a(libc_a-mlock.o)
 .ARM.attributes
                0x0000089f       0x32 C:/ST/STM32CubeIDE_1.18.1/STM32CubeIDE/plugins/com.st.stm32cube.ide.mcu.externaltools.gnu-tools-for-stm32.13.3.rel1.win32_1.0.0.202411081344/tools/bin/../lib/gcc/arm-none-eabi/13.3.1/../../../../arm-none-eabi/lib/thumb/v7e-m+dp/hard\libc_nano.a(libc_a-fflush.o)
 .ARM.attributes
                0x000008d1       0x32 C:/ST/STM32CubeIDE_1.18.1/STM32CubeIDE/plugins/com.st.stm32cube.ide.mcu.externaltools.gnu-tools-for-stm32.13.3.rel1.win32_1.0.0.202411081344/tools/bin/../lib/gcc/arm-none-eabi/13.3.1/../../../../arm-none-eabi/lib/thumb/v7e-m+dp/hard\libc_nano.a(libc_a-fprintf.o)
 .ARM.attributes
                0x00000903       0x32 C:/ST/STM32CubeIDE_1.18.1/STM32CubeIDE/plugins/com.st.stm32cube.ide.mcu.externaltools.gnu-tools-for-stm32.13.3.rel1.win32_1.0.0.202411081344/tools/bin/../lib/gcc/arm-none-eabi/13.3.1/../../../../arm-none-eabi/lib/thumb/v7e-m+dp/hard\libc_nano.a(libc_a-sbrkr.o)
 .ARM.attributes
                0x00000935       0x32 C:/ST/STM32CubeIDE_1.18.1/STM32CubeIDE/plugins/com.st.stm32cube.ide.mcu.externaltools.gnu-tools-for-stm32.13.3.rel1.win32_1.0.0.202411081344/tools/bin/../lib/gcc/arm-none-eabi/13.3.1/../../../../arm-none-eabi/lib/thumb/v7e-m+dp/hard\libc_nano.a(libc_a-abort.o)
 .ARM.attributes
                0x00000967       0x32 C:/ST/STM32CubeIDE_1.18.1/STM32CubeIDE/plugins/com.st.stm32cube.ide.mcu.externaltools.gnu-tools-for-stm32.13.3.rel1.win32_1.0.0.202411081344/tools/bin/../lib/gcc/arm-none-eabi/13.3.1/../../../../arm-none-eabi/lib/thumb/v7e-m+dp/hard\libc_nano.a(libc_a-nano-vfprintf.o)
 .ARM.attributes
                0x00000999       0x32 C:/ST/STM32CubeIDE_1.18.1/STM32CubeIDE/plugins/com.st.stm32cube.ide.mcu.externaltools.gnu-tools-for-stm32.13.3.rel1.win32_1.0.0.202411081344/tools/bin/../lib/gcc/arm-none-eabi/13.3.1/../../../../arm-none-eabi/lib/thumb/v7e-m+dp/hard\libc_nano.a(libc_a-nano-vfprintf_i.o)
 .ARM.attributes
                0x000009cb       0x32 C:/ST/STM32CubeIDE_1.18.1/STM32CubeIDE/plugins/com.st.stm32cube.ide.mcu.externaltools.gnu-tools-for-stm32.13.3.rel1.win32_1.0.0.202411081344/tools/bin/../lib/gcc/arm-none-eabi/13.3.1/../../../../arm-none-eabi/lib/thumb/v7e-m+dp/hard\libc_nano.a(libc_a-wbuf.o)
 .ARM.attributes
                0x000009fd       0x32 C:/ST/STM32CubeIDE_1.18.1/STM32CubeIDE/plugins/com.st.stm32cube.ide.mcu.externaltools.gnu-tools-for-stm32.13.3.rel1.win32_1.0.0.202411081344/tools/bin/../lib/gcc/arm-none-eabi/13.3.1/../../../../arm-none-eabi/lib/thumb/v7e-m+dp/hard\libc_nano.a(libc_a-wsetup.o)
 .ARM.attributes
                0x00000a2f       0x32 C:/ST/STM32CubeIDE_1.18.1/STM32CubeIDE/plugins/com.st.stm32cube.ide.mcu.externaltools.gnu-tools-for-stm32.13.3.rel1.win32_1.0.0.202411081344/tools/bin/../lib/gcc/arm-none-eabi/13.3.1/../../../../arm-none-eabi/lib/thumb/v7e-m+dp/hard\libc_nano.a(libc_a-signal.o)
 .ARM.attributes
                0x00000a61       0x32 C:/ST/STM32CubeIDE_1.18.1/STM32CubeIDE/plugins/com.st.stm32cube.ide.mcu.externaltools.gnu-tools-for-stm32.13.3.rel1.win32_1.0.0.202411081344/tools/bin/../lib/gcc/arm-none-eabi/13.3.1/../../../../arm-none-eabi/lib/thumb/v7e-m+dp/hard\libc_nano.a(libc_a-signalr.o)
 .ARM.attributes
                0x00000a93       0x1c C:/ST/STM32CubeIDE_1.18.1/STM32CubeIDE/plugins/com.st.stm32cube.ide.mcu.externaltools.gnu-tools-for-stm32.13.3.rel1.win32_1.0.0.202411081344/tools/bin/../lib/gcc/arm-none-eabi/13.3.1/../../../../arm-none-eabi/lib/thumb/v7e-m+dp/hard\libc_nano.a(libc_a-memchr.o)
 .ARM.attributes
                0x00000aaf       0x32 C:/ST/STM32CubeIDE_1.18.1/STM32CubeIDE/plugins/com.st.stm32cube.ide.mcu.externaltools.gnu-tools-for-stm32.13.3.rel1.win32_1.0.0.202411081344/tools/bin/../lib/gcc/arm-none-eabi/13.3.1/../../../../arm-none-eabi/lib/thumb/v7e-m+dp/hard\libc_nano.a(libc_a-makebuf.o)
 .ARM.attributes
                0x00000ae1       0x32 C:/ST/STM32CubeIDE_1.18.1/STM32CubeIDE/plugins/com.st.stm32cube.ide.mcu.externaltools.gnu-tools-for-stm32.13.3.rel1.win32_1.0.0.202411081344/tools/bin/../lib/gcc/arm-none-eabi/13.3.1/../../../../arm-none-eabi/lib/thumb/v7e-m+dp/hard\libc_nano.a(libc_a-fstatr.o)
 .ARM.attributes
                0x00000b13       0x32 C:/ST/STM32CubeIDE_1.18.1/STM32CubeIDE/plugins/com.st.stm32cube.ide.mcu.externaltools.gnu-tools-for-stm32.13.3.rel1.win32_1.0.0.202411081344/tools/bin/../lib/gcc/arm-none-eabi/13.3.1/../../../../arm-none-eabi/lib/thumb/v7e-m+dp/hard\libc_nano.a(libc_a-isattyr.o)
 .ARM.attributes
                0x00000b45       0x32 C:/ST/STM32CubeIDE_1.18.1/STM32CubeIDE/plugins/com.st.stm32cube.ide.mcu.externaltools.gnu-tools-for-stm32.13.3.rel1.win32_1.0.0.202411081344/tools/bin/../lib/gcc/arm-none-eabi/13.3.1/../../../../arm-none-eabi/lib/thumb/v7e-m+dp/hard\libm.a(libm_a-sinf.o)
 .ARM.attributes
                0x00000b77       0x32 C:/ST/STM32CubeIDE_1.18.1/STM32CubeIDE/plugins/com.st.stm32cube.ide.mcu.externaltools.gnu-tools-for-stm32.13.3.rel1.win32_1.0.0.202411081344/tools/bin/../lib/gcc/arm-none-eabi/13.3.1/../../../../arm-none-eabi/lib/thumb/v7e-m+dp/hard\libm.a(libm_a-cosf.o)
 .ARM.attributes
                0x00000ba9       0x32 C:/ST/STM32CubeIDE_1.18.1/STM32CubeIDE/plugins/com.st.stm32cube.ide.mcu.externaltools.gnu-tools-for-stm32.13.3.rel1.win32_1.0.0.202411081344/tools/bin/../lib/gcc/arm-none-eabi/13.3.1/../../../../arm-none-eabi/lib/thumb/v7e-m+dp/hard\libm.a(libm_a-sincosf_data.o)
 .ARM.attributes
                0x00000bdb       0x32 C:/ST/STM32CubeIDE_1.18.1/STM32CubeIDE/plugins/com.st.stm32cube.ide.mcu.externaltools.gnu-tools-for-stm32.13.3.rel1.win32_1.0.0.202411081344/tools/bin/../lib/gcc/arm-none-eabi/13.3.1/../../../../arm-none-eabi/lib/thumb/v7e-m+dp/hard\libm.a(libm_a-math_errf.o)
 .ARM.attributes
                0x00000c0d       0x20 C:/ST/STM32CubeIDE_1.18.1/STM32CubeIDE/plugins/com.st.stm32cube.ide.mcu.externaltools.gnu-tools-for-stm32.13.3.rel1.win32_1.0.0.202411081344/tools/bin/../lib/gcc/arm-none-eabi/13.3.1/thumb/v7e-m+dp/hard\libgcc.a(_arm_addsubdf3.o)
 .ARM.attributes
                0x00000c2d       0x20 C:/ST/STM32CubeIDE_1.18.1/STM32CubeIDE/plugins/com.st.stm32cube.ide.mcu.externaltools.gnu-tools-for-stm32.13.3.rel1.win32_1.0.0.202411081344/tools/bin/../lib/gcc/arm-none-eabi/13.3.1/thumb/v7e-m+dp/hard/crtn.o
OUTPUT(Extended-kalman-filter.elf elf32-littlearm)
LOAD linker stubs
LOAD C:/ST/STM32CubeIDE_1.18.1/STM32CubeIDE/plugins/com.st.stm32cube.ide.mcu.externaltools.gnu-tools-for-stm32.13.3.rel1.win32_1.0.0.202411081344/tools/bin/../lib/gcc/arm-none-eabi/13.3.1/../../../../arm-none-eabi/lib/thumb/v7e-m+dp/hard\libc.a
LOAD C:/ST/STM32CubeIDE_1.18.1/STM32CubeIDE/plugins/com.st.stm32cube.ide.mcu.externaltools.gnu-tools-for-stm32.13.3.rel1.win32_1.0.0.202411081344/tools/bin/../lib/gcc/arm-none-eabi/13.3.1/../../../../arm-none-eabi/lib/thumb/v7e-m+dp/hard\libm.a
LOAD C:/ST/STM32CubeIDE_1.18.1/STM32CubeIDE/plugins/com.st.stm32cube.ide.mcu.externaltools.gnu-tools-for-stm32.13.3.rel1.win32_1.0.0.202411081344/tools/bin/../lib/gcc/arm-none-eabi/13.3.1/thumb/v7e-m+dp/hard\libgcc.a

.debug_info     0x00000000     0xef3c
 .debug_info    0x00000000      0x7d2 ./Core/Src/Extended-KF.o
 .debug_info    0x000007d2      0x12b ./Core/Src/Pendulum.o
 .debug_info    0x000008fd     0x1912 ./Core/Src/main.o
 .debug_info    0x0000220f      0xf67 ./Core/Src/stm32h7xx_hal_msp.o
 .debug_info    0x00003176      0x81d ./Core/Src/stm32h7xx_it.o
 .debug_info    0x00003993      0x6a3 ./Core/Src/syscalls.o
 .debug_info    0x00004036      0x168 ./Core/Src/sysmem.o
 .debug_info    0x0000419e      0xbf0 ./Core/Src/system_stm32h7xx.o
 .debug_info    0x00004d8e       0x30 ./Core/Startup/startup_stm32h723zgtx.o
 .debug_info    0x00004dbe     0x1698 ./Drivers/STM32H7xx_HAL_Driver/Src/stm32h7xx_hal.o
 .debug_info    0x00006456     0x10a5 ./Drivers/STM32H7xx_HAL_Driver/Src/stm32h7xx_hal_cortex.o
 .debug_info    0x000074fb      0xc6b ./Drivers/STM32H7xx_HAL_Driver/Src/stm32h7xx_hal_gpio.o
 .debug_info    0x00008166      0xdce ./Drivers/STM32H7xx_HAL_Driver/Src/stm32h7xx_hal_pwr_ex.o
 .debug_info    0x00008f34      0xd82 ./Drivers/STM32H7xx_HAL_Driver/Src/stm32h7xx_hal_rcc.o
 .debug_info    0x00009cb6     0x2bae ./Drivers/STM32H7xx_HAL_Driver/Src/stm32h7xx_hal_tim.o
 .debug_info    0x0000c864     0x18c1 ./Drivers/STM32H7xx_HAL_Driver/Src/stm32h7xx_hal_tim_ex.o
 .debug_info    0x0000e125      0x20c C:\Users\yassine jelassi\STM32CubeIDE\Shanon_H7\Extended-kalman-filter\lib\libarm_cortexM7lfsp_math.a(arm_mat_trans_f32.o)
 .debug_info    0x0000e331      0x265 C:\Users\yassine jelassi\STM32CubeIDE\Shanon_H7\Extended-kalman-filter\lib\libarm_cortexM7lfsp_math.a(arm_mat_sub_f32.o)
 .debug_info    0x0000e596      0x2b3 C:\Users\yassine jelassi\STM32CubeIDE\Shanon_H7\Extended-kalman-filter\lib\libarm_cortexM7lfsp_math.a(arm_mat_mult_f32.o)
 .debug_info    0x0000e849      0x33e C:\Users\yassine jelassi\STM32CubeIDE\Shanon_H7\Extended-kalman-filter\lib\libarm_cortexM7lfsp_math.a(arm_mat_inverse_f32.o)
 .debug_info    0x0000eb87      0x150 C:\Users\yassine jelassi\STM32CubeIDE\Shanon_H7\Extended-kalman-filter\lib\libarm_cortexM7lfsp_math.a(arm_mat_init_f32.o)
 .debug_info    0x0000ecd7      0x265 C:\Users\yassine jelassi\STM32CubeIDE\Shanon_H7\Extended-kalman-filter\lib\libarm_cortexM7lfsp_math.a(arm_mat_add_f32.o)

.debug_abbrev   0x00000000     0x249f
 .debug_abbrev  0x00000000      0x1ef ./Core/Src/Extended-KF.o
 .debug_abbrev  0x000001ef       0xcd ./Core/Src/Pendulum.o
 .debug_abbrev  0x000002bc      0x391 ./Core/Src/main.o
 .debug_abbrev  0x0000064d      0x1c1 ./Core/Src/stm32h7xx_hal_msp.o
 .debug_abbrev  0x0000080e      0x190 ./Core/Src/stm32h7xx_it.o
 .debug_abbrev  0x0000099e      0x1b6 ./Core/Src/syscalls.o
 .debug_abbrev  0x00000b54       0xbc ./Core/Src/sysmem.o
 .debug_abbrev  0x00000c10      0x153 ./Core/Src/system_stm32h7xx.o
 .debug_abbrev  0x00000d63       0x24 ./Core/Startup/startup_stm32h723zgtx.o
 .debug_abbrev  0x00000d87      0x29e ./Drivers/STM32H7xx_HAL_Driver/Src/stm32h7xx_hal.o
 .debug_abbrev  0x00001025      0x339 ./Drivers/STM32H7xx_HAL_Driver/Src/stm32h7xx_hal_cortex.o
 .debug_abbrev  0x0000135e      0x205 ./Drivers/STM32H7xx_HAL_Driver/Src/stm32h7xx_hal_gpio.o
 .debug_abbrev  0x00001563      0x295 ./Drivers/STM32H7xx_HAL_Driver/Src/stm32h7xx_hal_pwr_ex.o
 .debug_abbrev  0x000017f8      0x2b1 ./Drivers/STM32H7xx_HAL_Driver/Src/stm32h7xx_hal_rcc.o
 .debug_abbrev  0x00001aa9      0x276 ./Drivers/STM32H7xx_HAL_Driver/Src/stm32h7xx_hal_tim.o
 .debug_abbrev  0x00001d1f      0x296 ./Drivers/STM32H7xx_HAL_Driver/Src/stm32h7xx_hal_tim_ex.o
 .debug_abbrev  0x00001fb5       0xe0 C:\Users\yassine jelassi\STM32CubeIDE\Shanon_H7\Extended-kalman-filter\lib\libarm_cortexM7lfsp_math.a(arm_mat_trans_f32.o)
 .debug_abbrev  0x00002095       0xc2 C:\Users\yassine jelassi\STM32CubeIDE\Shanon_H7\Extended-kalman-filter\lib\libarm_cortexM7lfsp_math.a(arm_mat_sub_f32.o)
 .debug_abbrev  0x00002157       0xd1 C:\Users\yassine jelassi\STM32CubeIDE\Shanon_H7\Extended-kalman-filter\lib\libarm_cortexM7lfsp_math.a(arm_mat_mult_f32.o)
 .debug_abbrev  0x00002228      0x112 C:\Users\yassine jelassi\STM32CubeIDE\Shanon_H7\Extended-kalman-filter\lib\libarm_cortexM7lfsp_math.a(arm_mat_inverse_f32.o)
 .debug_abbrev  0x0000233a       0xa3 C:\Users\yassine jelassi\STM32CubeIDE\Shanon_H7\Extended-kalman-filter\lib\libarm_cortexM7lfsp_math.a(arm_mat_init_f32.o)
 .debug_abbrev  0x000023dd       0xc2 C:\Users\yassine jelassi\STM32CubeIDE\Shanon_H7\Extended-kalman-filter\lib\libarm_cortexM7lfsp_math.a(arm_mat_add_f32.o)

.debug_aranges  0x00000000      0xde0
 .debug_aranges
                0x00000000       0x38 ./Core/Src/Extended-KF.o
 .debug_aranges
                0x00000038       0x28 ./Core/Src/Pendulum.o
 .debug_aranges
                0x00000060       0x70 ./Core/Src/main.o
 .debug_aranges
                0x000000d0       0x30 ./Core/Src/stm32h7xx_hal_msp.o
 .debug_aranges
                0x00000100       0x68 ./Core/Src/stm32h7xx_it.o
 .debug_aranges
                0x00000168       0xa8 ./Core/Src/syscalls.o
 .debug_aranges
                0x00000210       0x20 ./Core/Src/sysmem.o
 .debug_aranges
                0x00000230       0x30 ./Core/Src/system_stm32h7xx.o
 .debug_aranges
                0x00000260       0x28 ./Core/Startup/startup_stm32h723zgtx.o
 .debug_aranges
                0x00000288      0x1c8 ./Drivers/STM32H7xx_HAL_Driver/Src/stm32h7xx_hal.o
 .debug_aranges
                0x00000450      0x130 ./Drivers/STM32H7xx_HAL_Driver/Src/stm32h7xx_hal_cortex.o
 .debug_aranges
                0x00000580       0x58 ./Drivers/STM32H7xx_HAL_Driver/Src/stm32h7xx_hal_gpio.o
 .debug_aranges
                0x000005d8      0x148 ./Drivers/STM32H7xx_HAL_Driver/Src/stm32h7xx_hal_pwr_ex.o
 .debug_aranges
                0x00000720       0x88 ./Drivers/STM32H7xx_HAL_Driver/Src/stm32h7xx_hal_rcc.o
 .debug_aranges
                0x000007a8      0x3e0 ./Drivers/STM32H7xx_HAL_Driver/Src/stm32h7xx_hal_tim.o
 .debug_aranges
                0x00000b88      0x198 ./Drivers/STM32H7xx_HAL_Driver/Src/stm32h7xx_hal_tim_ex.o
 .debug_aranges
                0x00000d20       0x20 C:\Users\yassine jelassi\STM32CubeIDE\Shanon_H7\Extended-kalman-filter\lib\libarm_cortexM7lfsp_math.a(arm_mat_trans_f32.o)
 .debug_aranges
                0x00000d40       0x20 C:\Users\yassine jelassi\STM32CubeIDE\Shanon_H7\Extended-kalman-filter\lib\libarm_cortexM7lfsp_math.a(arm_mat_sub_f32.o)
 .debug_aranges
                0x00000d60       0x20 C:\Users\yassine jelassi\STM32CubeIDE\Shanon_H7\Extended-kalman-filter\lib\libarm_cortexM7lfsp_math.a(arm_mat_mult_f32.o)
 .debug_aranges
                0x00000d80       0x20 C:\Users\yassine jelassi\STM32CubeIDE\Shanon_H7\Extended-kalman-filter\lib\libarm_cortexM7lfsp_math.a(arm_mat_inverse_f32.o)
 .debug_aranges
                0x00000da0       0x20 C:\Users\yassine jelassi\STM32CubeIDE\Shanon_H7\Extended-kalman-filter\lib\libarm_cortexM7lfsp_math.a(arm_mat_init_f32.o)
 .debug_aranges
                0x00000dc0       0x20 C:\Users\yassine jelassi\STM32CubeIDE\Shanon_H7\Extended-kalman-filter\lib\libarm_cortexM7lfsp_math.a(arm_mat_add_f32.o)

.debug_rnglists
                0x00000000      0xa0b
 .debug_rnglists
                0x00000000       0x28 ./Core/Src/Extended-KF.o
 .debug_rnglists
                0x00000028       0x1a ./Core/Src/Pendulum.o
 .debug_rnglists
                0x00000042       0x55 ./Core/Src/main.o
 .debug_rnglists
                0x00000097       0x1f ./Core/Src/stm32h7xx_hal_msp.o
 .debug_rnglists
                0x000000b6       0x49 ./Core/Src/stm32h7xx_it.o
 .debug_rnglists
                0x000000ff       0x79 ./Core/Src/syscalls.o
 .debug_rnglists
                0x00000178       0x13 ./Core/Src/sysmem.o
 .debug_rnglists
                0x0000018b       0x21 ./Core/Src/system_stm32h7xx.o
 .debug_rnglists
                0x000001ac       0x19 ./Core/Startup/startup_stm32h723zgtx.o
 .debug_rnglists
                0x000001c5      0x155 ./Drivers/STM32H7xx_HAL_Driver/Src/stm32h7xx_hal.o
 .debug_rnglists
                0x0000031a       0xe0 ./Drivers/STM32H7xx_HAL_Driver/Src/stm32h7xx_hal_cortex.o
 .debug_rnglists
                0x000003fa       0x3f ./Drivers/STM32H7xx_HAL_Driver/Src/stm32h7xx_hal_gpio.o
 .debug_rnglists
                0x00000439       0xf5 ./Drivers/STM32H7xx_HAL_Driver/Src/stm32h7xx_hal_pwr_ex.o
 .debug_rnglists
                0x0000052e       0x68 ./Drivers/STM32H7xx_HAL_Driver/Src/stm32h7xx_hal_rcc.o
 .debug_rnglists
                0x00000596      0x328 ./Drivers/STM32H7xx_HAL_Driver/Src/stm32h7xx_hal_tim.o
 .debug_rnglists
                0x000008be      0x14d ./Drivers/STM32H7xx_HAL_Driver/Src/stm32h7xx_hal_tim_ex.o

.debug_macro    0x00000000    0x330ec
 .debug_macro   0x00000000      0x32b ./Core/Src/Extended-KF.o
 .debug_macro   0x0000032b      0xaf6 ./Core/Src/Extended-KF.o
 .debug_macro   0x00000e21      0x232 ./Core/Src/Extended-KF.o
 .debug_macro   0x00001053       0x2e ./Core/Src/Extended-KF.o
 .debug_macro   0x00001081       0x3b ./Core/Src/Extended-KF.o
 .debug_macro   0x000010bc       0x22 ./Core/Src/Extended-KF.o
 .debug_macro   0x000010de       0x8e ./Core/Src/Extended-KF.o
 .debug_macro   0x0000116c       0x51 ./Core/Src/Extended-KF.o
 .debug_macro   0x000011bd      0x103 ./Core/Src/Extended-KF.o
 .debug_macro   0x000012c0       0x6a ./Core/Src/Extended-KF.o
 .debug_macro   0x0000132a      0x1df ./Core/Src/Extended-KF.o
 .debug_macro   0x00001509       0x1c ./Core/Src/Extended-KF.o
 .debug_macro   0x00001525       0x22 ./Core/Src/Extended-KF.o
 .debug_macro   0x00001547       0xfb ./Core/Src/Extended-KF.o
 .debug_macro   0x00001642     0x1305 ./Core/Src/Extended-KF.o
 .debug_macro   0x00002947      0x11f ./Core/Src/Extended-KF.o
 .debug_macro   0x00002a66       0x27 ./Core/Src/Extended-KF.o
 .debug_macro   0x00002a8d    0x216c1 ./Core/Src/Extended-KF.o
 .debug_macro   0x0002414e       0x6d ./Core/Src/Extended-KF.o
 .debug_macro   0x000241bb     0x3d64 ./Core/Src/Extended-KF.o
 .debug_macro   0x00027f1f      0x190 ./Core/Src/Extended-KF.o
 .debug_macro   0x000280af       0x61 ./Core/Src/Extended-KF.o
 .debug_macro   0x00028110       0x29 ./Core/Src/Extended-KF.o
 .debug_macro   0x00028139       0x43 ./Core/Src/Extended-KF.o
 .debug_macro   0x0002817c       0x34 ./Core/Src/Extended-KF.o
 .debug_macro   0x000281b0      0x370 ./Core/Src/Extended-KF.o
 .debug_macro   0x00028520       0x16 ./Core/Src/Extended-KF.o
 .debug_macro   0x00028536       0x4a ./Core/Src/Extended-KF.o
 .debug_macro   0x00028580       0x34 ./Core/Src/Extended-KF.o
 .debug_macro   0x000285b4       0x10 ./Core/Src/Extended-KF.o
 .debug_macro   0x000285c4       0x58 ./Core/Src/Extended-KF.o
 .debug_macro   0x0002861c       0x8e ./Core/Src/Extended-KF.o
 .debug_macro   0x000286aa       0x1c ./Core/Src/Extended-KF.o
 .debug_macro   0x000286c6      0x185 ./Core/Src/Extended-KF.o
 .debug_macro   0x0002884b      0x19b ./Core/Src/Extended-KF.o
 .debug_macro   0x000289e6       0x5d ./Core/Src/Extended-KF.o
 .debug_macro   0x00028a43     0x2462 ./Core/Src/Extended-KF.o
 .debug_macro   0x0002aea5     0x1079 ./Core/Src/Extended-KF.o
 .debug_macro   0x0002bf1e      0x154 ./Core/Src/Extended-KF.o
 .debug_macro   0x0002c072      0x114 ./Core/Src/Extended-KF.o
 .debug_macro   0x0002c186      0x3fc ./Core/Src/Extended-KF.o
 .debug_macro   0x0002c582       0xac ./Core/Src/Extended-KF.o
 .debug_macro   0x0002c62e      0x788 ./Core/Src/Extended-KF.o